Microchip MPLAB XC8 Compiler V1.42 ()

Linker command line:

--edf=D:\Program Files (x86)\Microchip\xc8\v1.42\dat\en_msgs.txt -cs \
  -h+dist/DEVBUGGER_2550_XC8/production\LPC_FSUSB-CDC-X.production.sym \
  --cmf=dist/DEVBUGGER_2550_XC8/production\LPC_FSUSB-CDC-X.production.cmf \
  -z -Q18F2550 -oC:\Users\Admin\AppData\Local\Temp\sr4.2 \
  -Mdist/DEVBUGGER_2550_XC8/production/LPC_FSUSB-CDC-X.production.map -E1 \
  -ver=XC8 -ASTACK=014Fh-03ffh -pstack=STACK -ACODE=00h-07FFFh \
  -ACONST=00h-07FFFh -ASMALLCONST=0800h-08FFhx120 \
  -AMEDIUMCONST=0800h-07FFFh -ACOMRAM=01h-05Fh -AABS1=00h-07FFh \
  -ABIGRAM=01h-07FFh -ARAM=060h-0FFh,0100h-01FFhx7 -ABANK0=060h-0FFh \
  -ABANK1=0100h-01FFh -ABANK2=0200h-02FFh -ABANK3=0300h-03FFh \
  -ABANK4=0400h-04FFh -ABANK5=0500h-05FFh -ABANK6=0600h-06FFh \
  -ABANK7=0700h-07FFh -ASFR=0F60h-0FFFh \
  -preset_vec=00h,intcode=08h,intcodelo=018h,powerup,init -pramtop=0800h \
  -psmallconst=SMALLCONST -pmediumconst=MEDIUMCONST -pconst=CONST \
  -AFARRAM=00h-00h -ACONFIG=0300000h-030000Dh -pconfig=CONFIG \
  -AIDLOC=0200000h-0200007h -pidloc=IDLOC -AEEDATA=0F00000h-0F000FFh \
  -peeprom_data=EEDATA \
  -prdata=COMRAM,nvrram=COMRAM,nvbit=COMRAM,rbss=COMRAM,rbit=COMRAM \
  -pfarbss=FARRAM,fardata=FARRAM,nvFARRAM=FARRAM \
  -pintsave_regs=BIGRAM,bigbss=BIGRAM,bigdata=BIGRAM -pbss=RAM \
  -pidata=CODE,irdata=CODE,ibigdata=CODE,ifardata=CODE -prparam=COMRAM \
  C:\Users\Admin\AppData\Local\Temp\sr4.obj \
  dist/DEVBUGGER_2550_XC8/production\LPC_FSUSB-CDC-X.production.obj 

Object code version is 3.11

Machine type is 18F2550

Call graph: (short form)




                Name                               Link     Load   Length Selector   Space Scale
C:\Users\Admin\AppData\Local\Temp\sr4.obj
                init                                 A6       A6        4        C       0
                reset_vec                             0        0        4        0       0
                idloc                            200000   200000        8   200000       0
                config                           300000   300000        E   300000       0
dist/DEVBUGGER_2550_XC8/production\LPC_FSUSB-CDC-X.production.obj
                intcodelo                            18       18       8E        C       0
                intcode                               8        8        6        4       0
                temp                                 58       58        1        1       1
                smallconst                          800      800       CC      400       0
                text46                             254E     254E       16      466       0
                text45                             1FF8     1FF8       82      466       0
                text44                             227C     227C       5A      466       0
                text43                             18E8     18E8       D4      466       0
                text42                             152A     152A       F6      466       0
                text41                             1B50     1B50       C4      466       0
                text40                              E1A      E1A      140      466       0
                text39                             2220     2220       5C      466       0
                text38                             1F64     1F64       94      466       0
                text37                             239C     239C       3C      466       0
                text36                             1428     1428      102      466       0
                text35                             20F4     20F4       6A      466       0
                text34                             215E     215E       66      466       0
                text33                             19BC     19BC       D0      466       0
                text32                             21C4     21C4       5C      466       0
                text31                              8CC      8CC      2A0      466       0
                text30                              F5A      F5A      13C      466       0
                text29                             1CD0     1CD0       BA      466       0
                text28                             24CC     24CC       2C      466       0
                text27                             1806     1806       E2      466       0
                text26                             1714     1714       F2      466       0
                text25                             1E30     1E30       9E      466       0
                text24                             1620     1620       F4      466       0
                text23                             1D8A     1D8A       A6      466       0
                text22                             22D6     22D6       44      466       0
                text21                             1ECE     1ECE       96      466       0
                text20                             2518     2518       1E      466       0
                text19                             231A     231A       42      466       0
                text18                             24A0     24A0       2C      466       0
                text17                             243E     243E       32      466       0
                text16                              CD2      CD2      148      466       0
                text15                             12FA     12FA      12E      466       0
                intcode_body                       207A     207A       7A      466       0
                text12                             1096     1096      134      466       0
                text11                             11CA     11CA      130      466       0
                text10                             2536     2536       18      466       0
                text9                              258A     258A        A      466       0
                text8                              1C14     1C14       BC      466       0
                text7                              24F8     24F8       20      466       0
                text6                              1A8C     1A8C       C4      466       0
                text5                              2578     2578       12      466       0
                text4                              235C     235C       40      466       0
                text3                              2470     2470       30      466       0
                text2                              23D8     23D8       34      466       0
                text1                               B6C      B6C      166      466       0
                text0                              2564     2564       14      466       0
                cstackCOMRAM                         2D       2D       2B        1       1
                cstackBANK0                          E2       E2       11       60       1
                cstackBANK1                         140      140        F      100       1
                bssBANK1                            100      100       40      100       1
                bssBANK0                             60       60       82       60       1
                bssCOMRAM                             1        1       2C        1       1
                cinit                              240C     240C       32      466       0

TOTAL           Name                               Link     Load   Length     Space
        CLASS   STACK          

        CLASS   CODE           
                intcodelo                            18       18       8E         0
                intcode                               8        8        6         0
                init                                 A6       A6        4         0
                reset_vec                             0        0        4         0
                text46                             254E     254E       16         0
                text45                             1FF8     1FF8       82         0
                text44                             227C     227C       5A         0
                text43                             18E8     18E8       D4         0
                text42                             152A     152A       F6         0
                text41                             1B50     1B50       C4         0
                text40                              E1A      E1A      140         0
                text39                             2220     2220       5C         0
                text38                             1F64     1F64       94         0
                text37                             239C     239C       3C         0
                text36                             1428     1428      102         0
                text35                             20F4     20F4       6A         0
                text34                             215E     215E       66         0
                text33                             19BC     19BC       D0         0
                text32                             21C4     21C4       5C         0
                text31                              8CC      8CC      2A0         0
                text30                              F5A      F5A      13C         0
                text29                             1CD0     1CD0       BA         0
                text28                             24CC     24CC       2C         0
                text27                             1806     1806       E2         0
                text26                             1714     1714       F2         0
                text25                             1E30     1E30       9E         0
                text24                             1620     1620       F4         0
                text23                             1D8A     1D8A       A6         0
                text22                             22D6     22D6       44         0
                text21                             1ECE     1ECE       96         0
                text20                             2518     2518       1E         0
                text19                             231A     231A       42         0
                text18                             24A0     24A0       2C         0
                text17                             243E     243E       32         0
                text16                              CD2      CD2      148         0
                text15                             12FA     12FA      12E         0
                intcode_body                       207A     207A       7A         0
                text12                             1096     1096      134         0
                text11                             11CA     11CA      130         0
                text10                             2536     2536       18         0
                text9                              258A     258A        A         0
                text8                              1C14     1C14       BC         0
                text7                              24F8     24F8       20         0
                text6                              1A8C     1A8C       C4         0
                text5                              2578     2578       12         0
                text4                              235C     235C       40         0
                text3                              2470     2470       30         0
                text2                              23D8     23D8       34         0
                text1                               B6C      B6C      166         0
                text0                              2564     2564       14         0
                cinit                              240C     240C       32         0

        CLASS   CONST          

        CLASS   SMALLCONST     
                smallconst                          800      800       CC         0

        CLASS   MEDIUMCONST    

        CLASS   COMRAM         
                temp                                 58       58        1         1
                cstackCOMRAM                         2D       2D       2B         1
                bssCOMRAM                             1        1       2C         1

        CLASS   ABS1           
                abs_s1                              400      400       40         1
                abs_s1                              500      500       80         1

        CLASS   BIGRAM         

        CLASS   RAM            

        CLASS   BANK0          
                cstackBANK0                          E2       E2       11         1
                bssBANK0                             60       60       82         1

        CLASS   BANK1          
                cstackBANK1                         140      140        F         1
                bssBANK1                            100      100       40         1

        CLASS   BANK2          

        CLASS   BANK3          

        CLASS   BANK4          

        CLASS   BANK5          

        CLASS   BANK6          

        CLASS   BANK7          

        CLASS   SFR            

        CLASS   FARRAM         

        CLASS   CONFIG         
                config                           300000   300000        E         0

        CLASS   IDLOC          
                idloc                            200000   200000        8         0

        CLASS   EEDATA         



SEGMENTS        Name                           Load    Length   Top    Selector   Space  Class

                reset_vec                      000000  000004  000004         0       0  CODE    
                bssCOMRAM                      000001  000058  000059         1       1  COMRAM  
                intcode                        000008  000006  00000E         4       0  CODE    
                intcodelo                      000018  000092  0000AA         C       0  CODE    
                bssBANK0                       000060  000093  0000F3        60       1  BANK0   
                bssBANK1                       000100  00004F  00014F       100       1  BANK1   
                smallconst                     000800  0000CC  0008CC       400       0  SMALLCON
                text31                         0008CC  001CC8  002594       466       0  CODE    
                idloc                          200000  000008  200008    200000       0  IDLOC   
                config                         300000  00000E  30000E    300000       0  CONFIG  


UNUSED ADDRESS RANGES

        Name                Unused          Largest block    Delta
        BANK0            0000F3-0000FF                D
        BANK1            00014F-0001FF               B1
        BANK2            000200-0002FF              100
        BANK3            000300-0003FF              100
        BANK4            000440-0004FF               C0
        BANK5            000580-0005FF               80
        BANK6            000600-0006FF              100
        BANK7            000700-0007FF              100
        BIGRAM           000059-00005F                7
                         0000F3-0000FF                D
                         00014F-0003FF              2B1
                         000440-0004FF               C0
                         000580-0007FF              280
        CODE             000004-000007                4
                         00000E-000017                A
                         0000AA-0007FF              756
                         002594-007FFF             5A6C
        COMRAM           000059-00005F                7
        CONST            000004-000007                4
                         00000E-000017                A
                         0000AA-0007FF              756
                         002594-007FFF             5A6C
        EEDATA           F00000-F000FF              100
        MEDIUMCONST      002594-007FFF             5A6C
        RAM              0000F3-0000FF                D
                         00014F-0003FF              100
                         000440-0004FF               C0
                         000580-0007FF              100
        SFR              000F60-000FFF               A0
        SMALLCONST       002594-007FFF              100
        STACK            00014F-0003FF              2B1

                                  Symbol Table

?_USBTransferOnePacket                    cstackBANK1  000140
?___lldiv                                 cstackCOMRAM 00002D
?i2_USBTransferOnePacket                  cstackCOMRAM 00002D
APP_DeviceCDCEmulatorInitialize@i         cstackCOMRAM 000039
CDCTxService@byte_to_send                 cstackBANK1  00014C
CDCTxService@i                            cstackBANK1  00014B
SYSTEM_Initialize@state                   cstackBANK1  000140
USART_Initialize@c                        cstackCOMRAM 00002D
USART_getcUSART@c                         cstackBANK1  000140
USART_mySetLineCodingHandler@dwBaud       cstackCOMRAM 00003A
USART_putcUSART@c                         cstackBANK1  000140
USBConfigureEndpoint@EPNum                cstackCOMRAM 000032
USBConfigureEndpoint@direction            cstackCOMRAM 00002D
USBConfigureEndpoint@handle               cstackCOMRAM 000033
USBCtrlTrfInHandler@lastDTS               cstackCOMRAM 00003E
USBCtrlTrfRxService@byteToRead            cstackCOMRAM 00003F
USBCtrlTrfRxService@i                     cstackCOMRAM 00003E
USBCtrlTrfTxService@byteToSend            cstackCOMRAM 00002D
USBDeviceInit@i                           cstackBANK1  000148
USBDeviceTasks@i                          cstackCOMRAM 000049
USBEnableEndpoint@ep                      cstackCOMRAM 000038
USBEnableEndpoint@options                 cstackCOMRAM 000035
USBEnableEndpoint@p                       cstackCOMRAM 000036
USBStdFeatureReqHandler@current_ep_data   cstackCOMRAM 000045
USBStdFeatureReqHandler@p                 cstackCOMRAM 000046
USBStdFeatureReqHandler@pUEP              cstackCOMRAM 000043
USBStdGetStatusHandler@p                  cstackCOMRAM 00002E
USBStdSetCfgHandler@i                     cstackCOMRAM 000042
USBTransferOnePacket@data                 cstackBANK1  000141
USBTransferOnePacket@dir                  cstackBANK1  000140
USBTransferOnePacket@ep                   cstackBANK1  000148
USBTransferOnePacket@handle               cstackBANK1  000149
USBTransferOnePacket@len                  cstackBANK1  000143
USER_USB_CALLBACK_EVENT_HANDLER@event     cstackCOMRAM 00003A
USER_USB_CALLBACK_EVENT_HANDLER@pdata     cstackCOMRAM 00003C
USER_USB_CALLBACK_EVENT_HANDLER@size      cstackCOMRAM 00003E
_ADCON1                                   (abs)        000FC1
_APP_DeviceCDCEmulatorInitialize          text34       00215E
_APP_DeviceCDCEmulatorTasks               text6        001A8C
_BDT                                      (abs)        000400
_BaudRateGen                              bssBANK0     00007A
_BothEP0OutUOWNsSet                       bssCOMRAM    000022
_CDCDataInHandle                          bssCOMRAM    00000B
_CDCDataOutHandle                         bssBANK0     000086
_CDCInitEP                                text35       0020F4
_CDCTxService                             text11       0011CA
_CDC_Routine                              text5        002578
_CtrlTrfData                              (abs)        000438
_INTCONbits                               (abs)        000FF2
_IPR2bits                                 (abs)        000FA2
_LATA                                     (abs)        000F89
_LATB                                     (abs)        000F8A
_LATC                                     (abs)        000F8B
_LastRS232Out                             bssCOMRAM    000015
_NextUSBOut                               bssCOMRAM    000016
_OSCCONbits                               (abs)        000FD3
_PIE2bits                                 (abs)        000FA0
_PIR1bits                                 (abs)        000F9E
_PIR2bits                                 (abs)        000FA1
_RCONbits                                 (abs)        000FD0
_RCREG                                    (abs)        000FAE
_RCSTAbits                                (abs)        000FAB
_RS232_Out_Data                           bssBANK1     000100
_RS232_Out_Data_Rdy                       bssCOMRAM    000013
_RS232cp                                  bssCOMRAM    000014
_RemoteWakeup                             bssCOMRAM    000025
_SPBRG                                    (abs)        000FAF
_SPBRGH                                   (abs)        000FB0
_SYSTEM_Initialize                        text4        00235C
_SYS_InterruptHigh                        intcode      000008
_SYS_InterruptLow                         intcodelo    000018
_SetupPkt                                 (abs)        000430
_TRISA                                    (abs)        000F92
_TRISB                                    (abs)        000F93
_TRISC                                    (abs)        000F94
_TRISCbits                                (abs)        000F94
_TXREG                                    (abs)        000FAD
_TXSTAbits                                (abs)        000FAC
_UADDR                                    (abs)        000F6E
_UCFG                                     (abs)        000F6F
_UCON                                     (abs)        000F6D
_UCONbits                                 (abs)        000F6D
_UEIE                                     (abs)        000F6B
_UEIR                                     (abs)        000F6A
_UEP0                                     (abs)        000F70
_UEP0bits                                 (abs)        000F70
_UEP1                                     (abs)        000F71
_UIE                                      (abs)        000F69
_UIEbits                                  (abs)        000F69
_UIR                                      (abs)        000F68
_UIRbits                                  (abs)        000F68
_USART_Initialize                         text46       00254E
_USART_getcUSART                          text10       002536
_USART_mySetLineCodingHandler             text44       00227C
_USART_putcUSART                          text9        00258A
_USB1msTickCount                          bssCOMRAM    000001
_USBActiveConfiguration                   bssCOMRAM    00002C
_USBAlternateInterface                    bssCOMRAM    000029
_USBBusIsSuspended                        bssCOMRAM    000024
_USBCheckCDCRequest                       text33       0019BC
_USBCheckStdRequest                       text26       001714
_USBConfigureEndpoint                     text38       001F64
_USBCtrlEPAllowDataStage                  text25       001E30
_USBCtrlEPAllowStatusStage                text41       001B50
_USBCtrlEPService                         text21       001ECE
_USBCtrlEPServiceComplete                 text24       001620
_USBCtrlTrfInHandler                      text42       00152A
_USBCtrlTrfOutHandler                     text39       002220
_USBCtrlTrfRxService                      text40       000E1A
_USBCtrlTrfSetupHandler                   text23       001D8A
_USBCtrlTrfTxService                      text43       0018E8
_USBDeferINDataStagePackets               bssCOMRAM    00001D
_USBDeferOUTDataStagePackets              bssCOMRAM    00001C
_USBDeferStatusStagePacket                bssCOMRAM    000020
_USBDeviceAttach                          text3        002470
_USBDeviceInit                            text1        000B6C
_USBDeviceState                           bssCOMRAM    000028
_USBDeviceTasks                           text15       0012FA
_USBEnableEndpoint                        text37       00239C
_USBIncrement1msInternalTimers            text20       002518
_USBStallHandler                          text19       00231A
_USBStatusStageEnabledFlag1               bssCOMRAM    00001F
_USBStatusStageEnabledFlag2               bssCOMRAM    00001E
_USBStatusStageTimeoutCounter             bssCOMRAM    000021
_USBStdFeatureReqHandler                  text31       0008CC
_USBStdGetDscHandler                      text30       000F5A
_USBStdGetStatusHandler                   text29       001CD0
_USBStdSetCfgHandler                      text27       001806
_USBSuspend                               text18       0024A0
_USBTicksSinceSuspendEnd                  bssCOMRAM    00001B
_USBTransferOnePacket                     text12       001096
_USBWakeFromSuspend                       text17       00243E
_USB_CD_Ptr                               smallconst   000807
_USB_Out_Buffer                           bssBANK0     000089
_USB_SD_Ptr                               smallconst   000801
_USER_USB_CALLBACK_EVENT_HANDLER          text32       0021C4
_USTAT                                    (abs)        000F6C
_USTATcopy                                bssCOMRAM    00002B
__CFG_BOR$ON                              (abs)        000000
__CFG_BORV$3                              (abs)        000000
__CFG_CCP2MX$ON                           (abs)        000000
__CFG_CP0$OFF                             (abs)        000000
__CFG_CP1$OFF                             (abs)        000000
__CFG_CP2$OFF                             (abs)        000000
__CFG_CP3$OFF                             (abs)        000000
__CFG_CPB$OFF                             (abs)        000000
__CFG_CPD$OFF                             (abs)        000000
__CFG_CPUDIV$OSC3_PLL4                    (abs)        000000
__CFG_EBTR0$OFF                           (abs)        000000
__CFG_EBTR1$OFF                           (abs)        000000
__CFG_EBTR2$OFF                           (abs)        000000
__CFG_EBTR3$OFF                           (abs)        000000
__CFG_EBTRB$OFF                           (abs)        000000
__CFG_FCMEN$OFF                           (abs)        000000
__CFG_FOSC$HSPLL_HS                       (abs)        000000
__CFG_IESO$OFF                            (abs)        000000
__CFG_LPT1OSC$OFF                         (abs)        000000
__CFG_LVP$OFF                             (abs)        000000
__CFG_MCLRE$ON                            (abs)        000000
__CFG_PBADEN$OFF                          (abs)        000000
__CFG_PLLDIV$3                            (abs)        000000
__CFG_PWRT$OFF                            (abs)        000000
__CFG_STVREN$ON                           (abs)        000000
__CFG_USBDIV$2                            (abs)        000000
__CFG_VREGEN$ON                           (abs)        000000
__CFG_WDT$OFF                             (abs)        000000
__CFG_WDTPS$32768                         (abs)        000000
__CFG_WRT0$OFF                            (abs)        000000
__CFG_WRT1$OFF                            (abs)        000000
__CFG_WRT2$OFF                            (abs)        000000
__CFG_WRT3$OFF                            (abs)        000000
__CFG_WRTB$OFF                            (abs)        000000
__CFG_WRTC$OFF                            (abs)        000000
__CFG_WRTD$OFF                            (abs)        000000
__CFG_XINST$OFF                           (abs)        000000
__HRAM                                    (abs)        000000
__Habs1                                   abs1         000000
__Hbank0                                  bank0        000000
__Hbank1                                  bank1        000000
__Hbank2                                  bank2        000000
__Hbank3                                  bank3        000000
__Hbank4                                  bank4        000000
__Hbank5                                  bank5        000000
__Hbank6                                  bank6        000000
__Hbank7                                  bank7        000000
__Hbigbss                                 bigbss       000000
__Hbigdata                                bigdata      000000
__Hbigram                                 bigram       000000
__Hbss                                    bss          000000
__HbssBANK0                               bssBANK0     000000
__HbssBANK1                               bssBANK1     000000
__HbssCOMRAM                              bssCOMRAM    000000
__Hcinit                                  cinit        000000
__Hclrtext                                clrtext      000000
__Hcomram                                 comram       000000
__Hconfig                                 config       30000E
__Hconst                                  const        000000
__HcstackBANK0                            cstackBANK0  000000
__HcstackBANK1                            cstackBANK1  000000
__HcstackCOMRAM                           cstackCOMRAM 000000
__Hdata                                   data         000000
__Heeprom_data                            eeprom_data  000000
__Hfarbss                                 farbss       000000
__Hfardata                                fardata      000000
__Hibigdata                               ibigdata     000000
__Hidata                                  idata        000000
__Hidloc                                  idloc        200008
__Hifardata                               ifardata     000000
__Hinit                                   init         0000AA
__Hintcode                                intcode      00000E
__Hintcode_body                           intcode_body 000000
__Hintcodelo                              intcodelo    0000A6
__Hintentry                               intentry     000000
__Hintret                                 intret       000000
__Hintsave_regs                           intsave_regs 000000
__Hirdata                                 irdata       000000
__Hmediumconst                            mediumconst  000000
__HnvFARRAM                               nvFARRAM     000000
__Hnvbit                                  nvbit        000000
__Hnvrram                                 nvrram       000000
__Hparam                                  rparam       000000
__Hpowerup                                powerup      0000A6
__Hram                                    ram          000000
__Hramtop                                 ramtop       000800
__Hrbit                                   rbit         000000
__Hrbss                                   rbss         000000
__Hrdata                                  rdata        000000
__Hreset_vec                              reset_vec    000004
__Hrparam                                 rparam       000000
__Hsfr                                    sfr          000000
__Hsmallconst                             smallconst   0008CC
__Hspace_0                                (abs)        30000E
__Hspace_1                                (abs)        00014F
__Hspace_2                                (abs)        000000
__Hstack                                  stack        000000
__Hstruct                                 struct       000000
__Htemp                                   temp         000059
__Htext                                   text         000000
__Htext0                                  text0        000000
__Htext1                                  text1        000000
__Htext10                                 text10       000000
__Htext11                                 text11       000000
__Htext12                                 text12       000000
__Htext15                                 text15       000000
__Htext16                                 text16       000000
__Htext17                                 text17       000000
__Htext18                                 text18       000000
__Htext19                                 text19       000000
__Htext2                                  text2        000000
__Htext20                                 text20       000000
__Htext21                                 text21       000000
__Htext22                                 text22       000000
__Htext23                                 text23       000000
__Htext24                                 text24       000000
__Htext25                                 text25       000000
__Htext26                                 text26       000000
__Htext27                                 text27       000000
__Htext28                                 text28       000000
__Htext29                                 text29       000000
__Htext3                                  text3        000000
__Htext30                                 text30       000000
__Htext31                                 text31       000000
__Htext32                                 text32       000000
__Htext33                                 text33       000000
__Htext34                                 text34       000000
__Htext35                                 text35       000000
__Htext36                                 text36       000000
__Htext37                                 text37       000000
__Htext38                                 text38       000000
__Htext39                                 text39       000000
__Htext4                                  text4        000000
__Htext40                                 text40       000000
__Htext41                                 text41       000000
__Htext42                                 text42       000000
__Htext43                                 text43       000000
__Htext44                                 text44       000000
__Htext45                                 text45       000000
__Htext46                                 text46       000000
__Htext47                                 text47       000000
__Htext5                                  text5        000000
__Htext6                                  text6        000000
__Htext7                                  text7        000000
__Htext8                                  text8        000000
__Htext9                                  text9        000000
__LRAM                                    (abs)        000001
__Labs1                                   abs1         000000
__Lbank0                                  bank0        000000
__Lbank1                                  bank1        000000
__Lbank2                                  bank2        000000
__Lbank3                                  bank3        000000
__Lbank4                                  bank4        000000
__Lbank5                                  bank5        000000
__Lbank6                                  bank6        000000
__Lbank7                                  bank7        000000
__Lbigbss                                 bigbss       000000
__Lbigdata                                bigdata      000000
__Lbigram                                 bigram       000000
__Lbss                                    bss          000000
__LbssBANK0                               bssBANK0     000000
__LbssBANK1                               bssBANK1     000000
__LbssCOMRAM                              bssCOMRAM    000000
__Lcinit                                  cinit        000000
__Lclrtext                                clrtext      000000
__Lcomram                                 comram       000000
__Lconfig                                 config       300000
__Lconst                                  const        000000
__LcstackBANK0                            cstackBANK0  000000
__LcstackBANK1                            cstackBANK1  000000
__LcstackCOMRAM                           cstackCOMRAM 000000
__Ldata                                   data         000000
__Leeprom_data                            eeprom_data  000000
__Lfarbss                                 farbss       000000
__Lfardata                                fardata      000000
__Libigdata                               ibigdata     000000
__Lidata                                  idata        000000
__Lidloc                                  idloc        200000
__Lifardata                               ifardata     000000
__Linit                                   init         0000A6
__Lintcode                                intcode      000008
__Lintcode_body                           intcode_body 000000
__Lintcodelo                              intcodelo    000018
__Lintentry                               intentry     000000
__Lintret                                 intret       000000
__Lintsave_regs                           intsave_regs 000000
__Lirdata                                 irdata       000000
__Lmediumconst                            mediumconst  000000
__LnvFARRAM                               nvFARRAM     000000
__Lnvbit                                  nvbit        000000
__Lnvrram                                 nvrram       000000
__Lparam                                  rparam       000000
__Lpowerup                                powerup      0000A6
__Lram                                    ram          000000
__Lramtop                                 ramtop       000800
__Lrbit                                   rbit         000000
__Lrbss                                   rbss         000000
__Lrdata                                  rdata        000000
__Lreset_vec                              reset_vec    000000
__Lrparam                                 rparam       000000
__Lsfr                                    sfr          000000
__Lsmallconst                             smallconst   000800
__Lspace_0                                (abs)        000000
__Lspace_1                                (abs)        000000
__Lspace_2                                (abs)        000000
__Lstack                                  stack        000000
__Lstruct                                 struct       000000
__Ltemp                                   temp         000058
__Ltext                                   text         000000
__Ltext0                                  text0        000000
__Ltext1                                  text1        000000
__Ltext10                                 text10       000000
__Ltext11                                 text11       000000
__Ltext12                                 text12       000000
__Ltext15                                 text15       000000
__Ltext16                                 text16       000000
__Ltext17                                 text17       000000
__Ltext18                                 text18       000000
__Ltext19                                 text19       000000
__Ltext2                                  text2        000000
__Ltext20                                 text20       000000
__Ltext21                                 text21       000000
__Ltext22                                 text22       000000
__Ltext23                                 text23       000000
__Ltext24                                 text24       000000
__Ltext25                                 text25       000000
__Ltext26                                 text26       000000
__Ltext27                                 text27       000000
__Ltext28                                 text28       000000
__Ltext29                                 text29       000000
__Ltext3                                  text3        000000
__Ltext30                                 text30       000000
__Ltext31                                 text31       000000
__Ltext32                                 text32       000000
__Ltext33                                 text33       000000
__Ltext34                                 text34       000000
__Ltext35                                 text35       000000
__Ltext36                                 text36       000000
__Ltext37                                 text37       000000
__Ltext38                                 text38       000000
__Ltext39                                 text39       000000
__Ltext4                                  text4        000000
__Ltext40                                 text40       000000
__Ltext41                                 text41       000000
__Ltext42                                 text42       000000
__Ltext43                                 text43       000000
__Ltext44                                 text44       000000
__Ltext45                                 text45       000000
__Ltext46                                 text46       000000
__Ltext47                                 text47       000000
__Ltext5                                  text5        000000
__Ltext6                                  text6        000000
__Ltext7                                  text7        000000
__Ltext8                                  text8        000000
__Ltext9                                  text9        000000
__S0                                      (abs)        30000E
__S1                                      (abs)        00014F
__S2                                      (abs)        000000
___inthi_sp                               stack        000000
___intlo_sp                               stack        000000
___lldiv                                  text45       001FF8
___lldiv@counter                          cstackCOMRAM 000039
___lldiv@dividend                         cstackCOMRAM 00002D
___lldiv@divisor                          cstackCOMRAM 000031
___lldiv@quotient                         cstackCOMRAM 000035
___param_bank                             (abs)        000000
___rparam_used                            (abs)        000001
___sp                                     stack        000000
__accesstop                               (abs)        000060
__activetblptr                            (abs)        000002
__end_of_APP_DeviceCDCEmulatorInitialize  text34       0021C4
__end_of_APP_DeviceCDCEmulatorTasks       text6        001B50
__end_of_CDCInitEP                        text35       00215E
__end_of_CDCTxService                     text11       0012FA
__end_of_CDC_Routine                      text5        00258A
__end_of_SYSTEM_Initialize                text4        00239C
__end_of_SYS_InterruptHigh                intcode_body 0020F4
__end_of_SYS_InterruptLow                 intcodelo    0000A6
__end_of_USART_Initialize                 text46       002564
__end_of_USART_getcUSART                  text10       00254E
__end_of_USART_mySetLineCodingHandler     text44       0022D6
__end_of_USART_putcUSART                  text9        002594
__end_of_USBCheckCDCRequest               text33       001A8C
__end_of_USBCheckStdRequest               text26       001806
__end_of_USBConfigureEndpoint             text38       001FF8
__end_of_USBCtrlEPAllowDataStage          text25       001ECE
__end_of_USBCtrlEPAllowStatusStage        text41       001C14
__end_of_USBCtrlEPService                 text21       001F64
__end_of_USBCtrlEPServiceComplete         text24       001714
__end_of_USBCtrlTrfInHandler              text42       001620
__end_of_USBCtrlTrfOutHandler             text39       00227C
__end_of_USBCtrlTrfRxService              text40       000F5A
__end_of_USBCtrlTrfSetupHandler           text23       001E30
__end_of_USBCtrlTrfTxService              text43       0019BC
__end_of_USBDeviceAttach                  text3        0024A0
__end_of_USBDeviceInit                    text1        000CD2
__end_of_USBDeviceTasks                   text15       001428
__end_of_USBEnableEndpoint                text37       0023D8
__end_of_USBIncrement1msInternalTimers    text20       002536
__end_of_USBStallHandler                  text19       00235C
__end_of_USBStdFeatureReqHandler          text31       000B6C
__end_of_USBStdGetDscHandler              text30       001096
__end_of_USBStdGetStatusHandler           text29       001D8A
__end_of_USBStdSetCfgHandler              text27       0018E8
__end_of_USBSuspend                       text18       0024CC
__end_of_USBTransferOnePacket             text12       0011CA
__end_of_USBWakeFromSuspend               text17       002470
__end_of_USB_CD_Ptr                       smallconst   000809
__end_of_USB_SD_Ptr                       smallconst   000807
__end_of_USER_USB_CALLBACK_EVENT_HANDLER  text32       002220
__end_of___lldiv                          text45       00207A
__end_of__initialization                  cinit        002430
__end_of_configDescriptor1                smallconst   00084C
__end_of_device_dsc                       smallconst   0008C6
__end_of_getsUSBUSART                     text8        001CD0
__end_of_main                             text0        002578
__end_of_memcpy                           text22       00231A
__end_of_memset                           text2        00240C
__end_of_putUSBUSART                      text7        002518
__end_of_sd000                            smallconst   0008CA
__end_of_sd001                            smallconst   0008B4
__end_of_sd002                            smallconst   000880
__end_ofi2_USBDeviceInit                  text16       000E1A
__end_ofi2_USBTransferOnePacket           text36       00152A
__end_ofi2_memset                         text28       0024F8
__initialization                          cinit        00240C
__mediumconst                             mediumconst  000000
__pbssBANK0                               bssBANK0     000060
__pbssBANK1                               bssBANK1     000100
__pbssCOMRAM                              bssCOMRAM    000001
__pcinit                                  cinit        00240C
__pcstackBANK0                            cstackBANK0  0000E2
__pcstackBANK1                            cstackBANK1  000140
__pcstackCOMRAM                           cstackCOMRAM 00002D
__pintcode                                intcode      000008
__pintcode_body                           intcode_body 00207A
__pintcodelo                              intcodelo    000018
__psmallconst                             smallconst   000800
__ptext0                                  text0        002564
__ptext1                                  text1        000B6C
__ptext10                                 text10       002536
__ptext11                                 text11       0011CA
__ptext12                                 text12       001096
__ptext15                                 text15       0012FA
__ptext16                                 text16       000CD2
__ptext17                                 text17       00243E
__ptext18                                 text18       0024A0
__ptext19                                 text19       00231A
__ptext2                                  text2        0023D8
__ptext20                                 text20       002518
__ptext21                                 text21       001ECE
__ptext22                                 text22       0022D6
__ptext23                                 text23       001D8A
__ptext24                                 text24       001620
__ptext25                                 text25       001E30
__ptext26                                 text26       001714
__ptext27                                 text27       001806
__ptext28                                 text28       0024CC
__ptext29                                 text29       001CD0
__ptext3                                  text3        002470
__ptext30                                 text30       000F5A
__ptext31                                 text31       0008CC
__ptext32                                 text32       0021C4
__ptext33                                 text33       0019BC
__ptext34                                 text34       00215E
__ptext35                                 text35       0020F4
__ptext36                                 text36       001428
__ptext37                                 text37       00239C
__ptext38                                 text38       001F64
__ptext39                                 text39       002220
__ptext4                                  text4        00235C
__ptext40                                 text40       000E1A
__ptext41                                 text41       001B50
__ptext42                                 text42       00152A
__ptext43                                 text43       0018E8
__ptext44                                 text44       00227C
__ptext45                                 text45       001FF8
__ptext46                                 text46       00254E
__ptext47                                 text47       000000
__ptext5                                  text5        002578
__ptext6                                  text6        001A8C
__ptext7                                  text7        0024F8
__ptext8                                  text8        001C14
__ptext9                                  text9        00258A
__ramtop                                  ramtop       000800
__size_of_APP_DeviceCDCEmulatorInitialize (abs)        000000
__size_of_APP_DeviceCDCEmulatorTasks      (abs)        000000
__size_of_CDCInitEP                       (abs)        000000
__size_of_CDCTxService                    (abs)        000000
__size_of_CDC_Routine                     (abs)        000000
__size_of_SYSTEM_Initialize               (abs)        000000
__size_of_SYS_InterruptHigh               (abs)        000000
__size_of_SYS_InterruptLow                (abs)        000000
__size_of_USART_Initialize                (abs)        000000
__size_of_USART_getcUSART                 (abs)        000000
__size_of_USART_mySetLineCodingHandler    (abs)        000000
__size_of_USART_putcUSART                 (abs)        000000
__size_of_USBCheckCDCRequest              (abs)        000000
__size_of_USBCheckStdRequest              (abs)        000000
__size_of_USBConfigureEndpoint            (abs)        000000
__size_of_USBCtrlEPAllowDataStage         (abs)        000000
__size_of_USBCtrlEPAllowStatusStage       (abs)        000000
__size_of_USBCtrlEPService                (abs)        000000
__size_of_USBCtrlEPServiceComplete        (abs)        000000
__size_of_USBCtrlTrfInHandler             (abs)        000000
__size_of_USBCtrlTrfOutHandler            (abs)        000000
__size_of_USBCtrlTrfRxService             (abs)        000000
__size_of_USBCtrlTrfSetupHandler          (abs)        000000
__size_of_USBCtrlTrfTxService             (abs)        000000
__size_of_USBDeviceAttach                 (abs)        000000
__size_of_USBDeviceInit                   (abs)        000000
__size_of_USBDeviceTasks                  (abs)        000000
__size_of_USBEnableEndpoint               (abs)        000000
__size_of_USBIncrement1msInternalTimers   (abs)        000000
__size_of_USBStallHandler                 (abs)        000000
__size_of_USBStdFeatureReqHandler         (abs)        000000
__size_of_USBStdGetDscHandler             (abs)        000000
__size_of_USBStdGetStatusHandler          (abs)        000000
__size_of_USBStdSetCfgHandler             (abs)        000000
__size_of_USBSuspend                      (abs)        000000
__size_of_USBTransferOnePacket            (abs)        000000
__size_of_USBWakeFromSuspend              (abs)        000000
__size_of_USER_USB_CALLBACK_EVENT_HANDLER (abs)        000000
__size_of___lldiv                         (abs)        000000
__size_of_getsUSBUSART                    (abs)        000000
__size_of_main                            (abs)        000000
__size_of_memcpy                          (abs)        000000
__size_of_memset                          (abs)        000000
__size_of_putUSBUSART                     (abs)        000000
__size_ofi2_USBDeviceInit                 (abs)        000000
__size_ofi2_USBTransferOnePacket          (abs)        000000
__size_ofi2_memset                        (abs)        000000
__smallconst                              smallconst   000800
_cdc_data_rx                              (abs)        000540
_cdc_data_tx                              (abs)        000500
_cdc_mem_type                             bssCOMRAM    000018
_cdc_notice                               bssBANK0     0000C9
_cdc_rx_len                               bssBANK0     000088
_cdc_trf_state                            bssCOMRAM    00001A
_cdc_tx_len                               bssCOMRAM    000019
_configDescriptor1                        smallconst   000809
_controlTransferState                     bssCOMRAM    000026
_control_signal_bitmap                    bssCOMRAM    000017
_device_dsc                               smallconst   0008B4
_dummy_encapsulated_cmd_response          bssBANK0     0000D3
_endpoint_number                          bssCOMRAM    000023
_ep_data_in                               bssBANK0     000081
_ep_data_out                              bssBANK0     00007E
_getsUSBUSART                             text8        001C14
_inPipes                                  bssBANK0     000068
_lastTransmission                         bssBANK0     000084
_line_coding                              bssBANK0     0000DB
_main                                     text0        002564
_memcpy                                   text22       0022D6
_memset                                   text2        0023D8
_outPipes                                 bssBANK0     000060
_pBDTEntryEP0OutCurrent                   bssCOMRAM    000011
_pBDTEntryEP0OutNext                      bssCOMRAM    00000F
_pBDTEntryIn                              bssBANK0     00006E
_pBDTEntryOut                             bssBANK0     000074
_pCDCDst                                  bssCOMRAM    000005
_pCDCSrc                                  bssCOMRAM    000008
_pDst                                     bssCOMRAM    00000D
_putUSBUSART                              text7        0024F8
_sd000                                    smallconst   0008C6
_sd001                                    smallconst   000880
_sd002                                    smallconst   00084C
_shortPacketStatus                        bssCOMRAM    000027
btemp                                     temp         000058
end_of_initialization                     cinit        002430
getsUSBUSART@buffer                       cstackBANK1  00014B
getsUSBUSART@len                          cstackBANK1  00014D
i2USBDeviceInit@i                         cstackCOMRAM 000035
i2USBTransferOnePacket@data               cstackCOMRAM 00002E
i2USBTransferOnePacket@dir                cstackCOMRAM 00002D
i2USBTransferOnePacket@ep                 cstackCOMRAM 000035
i2USBTransferOnePacket@handle             cstackCOMRAM 000036
i2USBTransferOnePacket@len                cstackCOMRAM 000030
i2_USBDeviceInit                          text16       000CD2
i2_USBTransferOnePacket                   text36       001428
i2_memset                                 text28       0024CC
i2memset@c                                cstackCOMRAM 00002F
i2memset@n                                cstackCOMRAM 000031
i2memset@p                                cstackCOMRAM 000033
i2memset@p1                               cstackCOMRAM 00002D
int$flags                                 temp         000058
int_func                                  intcode_body 00207A
intlevel0                                 text         000000
intlevel1                                 text         000000
intlevel2                                 text         000000
intlevel3                                 text         000000
memcpy@d                                  cstackCOMRAM 000033
memcpy@d1                                 cstackCOMRAM 00002D
memcpy@n                                  cstackCOMRAM 000031
memcpy@s                                  cstackCOMRAM 000035
memcpy@s1                                 cstackCOMRAM 00002F
memcpy@tmp                                cstackCOMRAM 000037
memset@c                                  cstackBANK1  000142
memset@n                                  cstackBANK1  000144
memset@p                                  cstackBANK1  000146
memset@p1                                 cstackBANK1  000140
putUSBUSART@data                          cstackBANK1  000140
putUSBUSART@length                        cstackBANK1  000142
stackhi                                   (abs)        0003FF
stacklo                                   (abs)        00014F
start                                     init         0000A6
start_initialization                      cinit        00240C


FUNCTION INFORMATION:

 *************** function _main *****************
 Defined at:
		line 4 in file "main.c"
 Parameters:    Size  Location     Type
		None
 Auto vars:     Size  Location     Type
		None
 Return value:  Size  Location     Type
                  1    wreg      void 
 Registers used:
		wreg, fsr1l, fsr1h, fsr2l, fsr2h, status,2, status,0, prodl, prodh, cstack
 Tracked objects:
		On entry : 
		On exit  : 
		Unchanged: 
 Data sizes:     COMRAM   BANK0   BANK1   BANK2   BANK3   BANK4   BANK5   BANK6   BANK7
      Params:         0       0       0       0       0       0       0       0       0
      Locals:         0       0       0       0       0       0       0       0       0
      Temps:          0       0       0       0       0       0       0       0       0
      Totals:         0       0       0       0       0       0       0       0       0
Total ram usage:        0 bytes
 Hardware stack levels required when called:   16
 This function calls:
		_CDC_Routine
		_SYSTEM_Initialize
		_USBDeviceAttach
		_USBDeviceInit
 This function is called by:
		Startup code after reset
 This function uses a non-reentrant model


 *************** function _USBDeviceInit *****************
 Defined at:
		line 277 in file "../mla/v2017_03_06/framework/usb/src/usb_device.c"
 Parameters:    Size  Location     Type
		None
 Auto vars:     Size  Location     Type
  i               1    8[BANK1 ] unsigned char 
 Return value:  Size  Location     Type
                  1    wreg      void 
 Registers used:
		wreg, fsr2l, fsr2h, status,2, status,0, prodl, prodh, cstack
 Tracked objects:
		On entry : 
		On exit  : 
		Unchanged: 
 Data sizes:     COMRAM   BANK0   BANK1   BANK2   BANK3   BANK4   BANK5   BANK6   BANK7
      Params:         0       0       0       0       0       0       0       0       0
      Locals:         0       0       1       0       0       0       0       0       0
      Temps:          0       0       0       0       0       0       0       0       0
      Totals:         0       0       1       0       0       0       0       0       0
Total ram usage:        1 bytes
 Hardware stack levels used:    1
 Hardware stack levels required when called:   13
 This function calls:
		_memset
 This function is called by:
		_main
 This function uses a non-reentrant model


 *************** function _memset *****************
 Defined at:
		line 8 in file "D:\Program Files (x86)\Microchip\xc8\v1.42\sources\common\memset.c"
 Parameters:    Size  Location     Type
  p1              2    0[BANK1 ] PTR void 
		 -> USBAlternateInterface(2), BDT(48), UEP1(1), 
  c               2    2[BANK1 ] int 
  n               2    4[BANK1 ] unsigned int 
 Auto vars:     Size  Location     Type
  p               2    6[BANK1 ] PTR unsigned char 
		 -> USBAlternateInterface(2), BDT(48), UEP1(1), 
 Return value:  Size  Location     Type
                  2    0[BANK1 ] PTR void 
 Registers used:
		wreg, fsr2l, fsr2h, status,2, status,0
 Tracked objects:
		On entry : 
		On exit  : 
		Unchanged: 
 Data sizes:     COMRAM   BANK0   BANK1   BANK2   BANK3   BANK4   BANK5   BANK6   BANK7
      Params:         0       0       6       0       0       0       0       0       0
      Locals:         0       0       2       0       0       0       0       0       0
      Temps:          0       0       0       0       0       0       0       0       0
      Totals:         0       0       8       0       0       0       0       0       0
Total ram usage:        8 bytes
 Hardware stack levels used:    1
 Hardware stack levels required when called:   12
 This function calls:
		Nothing
 This function is called by:
		_USBDeviceInit
 This function uses a non-reentrant model


 *************** function _USBDeviceAttach *****************
 Defined at:
		line 1352 in file "../mla/v2017_03_06/framework/usb/src/usb_device.c"
 Parameters:    Size  Location     Type
		None
 Auto vars:     Size  Location     Type
		None
 Return value:  Size  Location     Type
                  1    wreg      void 
 Registers used:
		wreg, status,2
 Tracked objects:
		On entry : 
		On exit  : 
		Unchanged: 
 Data sizes:     COMRAM   BANK0   BANK1   BANK2   BANK3   BANK4   BANK5   BANK6   BANK7
      Params:         0       0       0       0       0       0       0       0       0
      Locals:         0       0       0       0       0       0       0       0       0
      Temps:          0       0       0       0       0       0       0       0       0
      Totals:         0       0       0       0       0       0       0       0       0
Total ram usage:        0 bytes
 Hardware stack levels used:    1
 Hardware stack levels required when called:   12
 This function calls:
		Nothing
 This function is called by:
		_main
 This function uses a non-reentrant model


 *************** function _SYSTEM_Initialize *****************
 Defined at:
		line 35 in file "system.c"
 Parameters:    Size  Location     Type
  state           1    wreg     enum E3323
 Auto vars:     Size  Location     Type
  state           1    0[BANK1 ] enum E3323
 Return value:  Size  Location     Type
                  1    wreg      void 
 Registers used:
		wreg, status,2, status,0
 Tracked objects:
		On entry : 
		On exit  : 
		Unchanged: 
 Data sizes:     COMRAM   BANK0   BANK1   BANK2   BANK3   BANK4   BANK5   BANK6   BANK7
      Params:         0       0       0       0       0       0       0       0       0
      Locals:         0       0       1       0       0       0       0       0       0
      Temps:          0       0       0       0       0       0       0       0       0
      Totals:         0       0       1       0       0       0       0       0       0
Total ram usage:        1 bytes
 Hardware stack levels used:    1
 Hardware stack levels required when called:   12
 This function calls:
		Nothing
 This function is called by:
		_main
 This function uses a non-reentrant model


 *************** function _CDC_Routine *****************
 Defined at:
		line 50 in file "main_cdc.c"
 Parameters:    Size  Location     Type
		None
 Auto vars:     Size  Location     Type
		None
 Return value:  Size  Location     Type
                  1    wreg      void 
 Registers used:
		wreg, fsr1l, fsr1h, fsr2l, fsr2h, status,2, status,0, prodl, prodh, cstack
 Tracked objects:
		On entry : 
		On exit  : 
		Unchanged: 
 Data sizes:     COMRAM   BANK0   BANK1   BANK2   BANK3   BANK4   BANK5   BANK6   BANK7
      Params:         0       0       0       0       0       0       0       0       0
      Locals:         0       0       0       0       0       0       0       0       0
      Temps:          0       0       0       0       0       0       0       0       0
      Totals:         0       0       0       0       0       0       0       0       0
Total ram usage:        0 bytes
 Hardware stack levels used:    1
 Hardware stack levels required when called:   15
 This function calls:
		_APP_DeviceCDCEmulatorTasks
 This function is called by:
		_main
 This function uses a non-reentrant model


 *************** function _APP_DeviceCDCEmulatorTasks *****************
 Defined at:
		line 102 in file "../mla/v2017_03_06/framework/usb/src/app_device_cdc_to_uart.c"
 Parameters:    Size  Location     Type
		None
 Auto vars:     Size  Location     Type
		None
 Return value:  Size  Location     Type
                  1    wreg      void 
 Registers used:
		wreg, fsr1l, fsr1h, fsr2l, fsr2h, status,2, status,0, prodl, prodh, cstack
 Tracked objects:
		On entry : 
		On exit  : 
		Unchanged: 
 Data sizes:     COMRAM   BANK0   BANK1   BANK2   BANK3   BANK4   BANK5   BANK6   BANK7
      Params:         0       0       0       0       0       0       0       0       0
      Locals:         0       0       0       0       0       0       0       0       0
      Temps:          0       0       0       0       0       0       0       0       0
      Totals:         0       0       0       0       0       0       0       0       0
Total ram usage:        0 bytes
 Hardware stack levels used:    1
 Hardware stack levels required when called:   14
 This function calls:
		_CDCTxService
		_USART_getcUSART
		_USART_putcUSART
		_getsUSBUSART
		_putUSBUSART
 This function is called by:
		_CDC_Routine
 This function uses a non-reentrant model


 *************** function _putUSBUSART *****************
 Defined at:
		line 531 in file "../mla/v2017_03_06/framework/usb/src/usb_device_cdc.c"
 Parameters:    Size  Location     Type
  data            2    0[BANK1 ] PTR unsigned char 
		 -> USB_Out_Buffer(64), 
  length          1    2[BANK1 ] unsigned char 
 Auto vars:     Size  Location     Type
		None
 Return value:  Size  Location     Type
                  1    wreg      void 
 Registers used:
		wreg, status,2, status,0
 Tracked objects:
		On entry : 
		On exit  : 
		Unchanged: 
 Data sizes:     COMRAM   BANK0   BANK1   BANK2   BANK3   BANK4   BANK5   BANK6   BANK7
      Params:         0       0       3       0       0       0       0       0       0
      Locals:         0       0       0       0       0       0       0       0       0
      Temps:          0       0       0       0       0       0       0       0       0
      Totals:         0       0       3       0       0       0       0       0       0
Total ram usage:        3 bytes
 Hardware stack levels used:    1
 Hardware stack levels required when called:   12
 This function calls:
		Nothing
 This function is called by:
		_APP_DeviceCDCEmulatorTasks
 This function uses a non-reentrant model


 *************** function _getsUSBUSART *****************
 Defined at:
		line 460 in file "../mla/v2017_03_06/framework/usb/src/usb_device_cdc.c"
 Parameters:    Size  Location     Type
  buffer          2   11[BANK1 ] PTR unsigned char 
		 -> RS232_Out_Data(64), 
  len             1   13[BANK1 ] unsigned char 
 Auto vars:     Size  Location     Type
		None
 Return value:  Size  Location     Type
                  1    wreg      unsigned char 
 Registers used:
		wreg, fsr1l, fsr1h, fsr2l, fsr2h, status,2, status,0, prodl, prodh, cstack
 Tracked objects:
		On entry : 
		On exit  : 
		Unchanged: 
 Data sizes:     COMRAM   BANK0   BANK1   BANK2   BANK3   BANK4   BANK5   BANK6   BANK7
      Params:         0       0       3       0       0       0       0       0       0
      Locals:         0       0       0       0       0       0       0       0       0
      Temps:          0       0       1       0       0       0       0       0       0
      Totals:         0       0       4       0       0       0       0       0       0
Total ram usage:        4 bytes
 Hardware stack levels used:    1
 Hardware stack levels required when called:   13
 This function calls:
		_USBTransferOnePacket
 This function is called by:
		_APP_DeviceCDCEmulatorTasks
 This function uses a non-reentrant model


 *************** function _USART_putcUSART *****************
 Defined at:
		line 86 in file "../mla/v2017_03_06/framework/usb/src/usart.c"
 Parameters:    Size  Location     Type
  c               1    wreg     unsigned char 
 Auto vars:     Size  Location     Type
  c               1    0[BANK1 ] unsigned char 
 Return value:  Size  Location     Type
                  1    wreg      void 
 Registers used:
		wreg
 Tracked objects:
		On entry : 
		On exit  : 
		Unchanged: 
 Data sizes:     COMRAM   BANK0   BANK1   BANK2   BANK3   BANK4   BANK5   BANK6   BANK7
      Params:         0       0       0       0       0       0       0       0       0
      Locals:         0       0       1       0       0       0       0       0       0
      Temps:          0       0       0       0       0       0       0       0       0
      Totals:         0       0       1       0       0       0       0       0       0
Total ram usage:        1 bytes
 Hardware stack levels used:    1
 Hardware stack levels required when called:   12
 This function calls:
		Nothing
 This function is called by:
		_APP_DeviceCDCEmulatorTasks
 This function uses a non-reentrant model


 *************** function _USART_getcUSART *****************
 Defined at:
		line 145 in file "../mla/v2017_03_06/framework/usb/src/usart.c"
 Parameters:    Size  Location     Type
		None
 Auto vars:     Size  Location     Type
  c               1    0[BANK1 ] unsigned char 
 Return value:  Size  Location     Type
                  1    wreg      unsigned char 
 Registers used:
		wreg, status,2
 Tracked objects:
		On entry : 
		On exit  : 
		Unchanged: 
 Data sizes:     COMRAM   BANK0   BANK1   BANK2   BANK3   BANK4   BANK5   BANK6   BANK7
      Params:         0       0       0       0       0       0       0       0       0
      Locals:         0       0       1       0       0       0       0       0       0
      Temps:          0       0       0       0       0       0       0       0       0
      Totals:         0       0       1       0       0       0       0       0       0
Total ram usage:        1 bytes
 Hardware stack levels used:    1
 Hardware stack levels required when called:   12
 This function calls:
		Nothing
 This function is called by:
		_APP_DeviceCDCEmulatorTasks
 This function uses a non-reentrant model


 *************** function _CDCTxService *****************
 Defined at:
		line 811 in file "../mla/v2017_03_06/framework/usb/src/usb_device_cdc.c"
 Parameters:    Size  Location     Type
		None
 Auto vars:     Size  Location     Type
  byte_to_send    1   12[BANK1 ] unsigned char 
  i               1   11[BANK1 ] unsigned char 
 Return value:  Size  Location     Type
                  1    wreg      void 
 Registers used:
		wreg, fsr1l, fsr1h, fsr2l, fsr2h, status,2, status,0, prodl, prodh, cstack
 Tracked objects:
		On entry : 
		On exit  : 
		Unchanged: 
 Data sizes:     COMRAM   BANK0   BANK1   BANK2   BANK3   BANK4   BANK5   BANK6   BANK7
      Params:         0       0       0       0       0       0       0       0       0
      Locals:         0       0       2       0       0       0       0       0       0
      Temps:          0       0       0       0       0       0       0       0       0
      Totals:         0       0       2       0       0       0       0       0       0
Total ram usage:        2 bytes
 Hardware stack levels used:    1
 Hardware stack levels required when called:   13
 This function calls:
		_USBTransferOnePacket
 This function is called by:
		_APP_DeviceCDCEmulatorTasks
 This function uses a non-reentrant model


 *************** function _USBTransferOnePacket *****************
 Defined at:
		line 995 in file "../mla/v2017_03_06/framework/usb/src/usb_device.c"
 Parameters:    Size  Location     Type
  ep              1    wreg     unsigned char 
  dir             1    0[BANK1 ] unsigned char 
  data            2    1[BANK1 ] PTR unsigned char 
		 -> cdc_data_tx(64), cdc_data_rx(64), NULL(0), 
  len             1    3[BANK1 ] unsigned char 
 Auto vars:     Size  Location     Type
  ep              1    8[BANK1 ] unsigned char 
  handle          2    9[BANK1 ] PTR volatile struct __BD
		 -> RAM(2047), NULL(0), BDT(48), 
 Return value:  Size  Location     Type
                  2    0[BANK1 ] PTR void 
 Registers used:
		wreg, fsr2l, fsr2h, status,2, status,0, prodl, prodh
 Tracked objects:
		On entry : 
		On exit  : 
		Unchanged: 
 Data sizes:     COMRAM   BANK0   BANK1   BANK2   BANK3   BANK4   BANK5   BANK6   BANK7
      Params:         0       0       4       0       0       0       0       0       0
      Locals:         0       0       3       0       0       0       0       0       0
      Temps:          0       0       4       0       0       0       0       0       0
      Totals:         0       0      11       0       0       0       0       0       0
Total ram usage:       11 bytes
 Hardware stack levels used:    1
 Hardware stack levels required when called:   12
 This function calls:
		Nothing
 This function is called by:
		_getsUSBUSART
		_CDCTxService
		_USBCDCEventHandler
 This function uses a non-reentrant model


 *************** function _SYS_InterruptLow *****************
 Defined at:
		line 15 in file "system.c"
 Parameters:    Size  Location     Type
		None
 Auto vars:     Size  Location     Type
		None
 Return value:  Size  Location     Type
                  1    wreg      void 
 Registers used:
		None
 Tracked objects:
		On entry : 
		On exit  : 
		Unchanged: 
 Data sizes:     COMRAM   BANK0   BANK1   BANK2   BANK3   BANK4   BANK5   BANK6   BANK7
      Params:         0       0       0       0       0       0       0       0       0
      Locals:         0       0       0       0       0       0       0       0       0
      Temps:          0      17       0       0       0       0       0       0       0
      Totals:         0      17       0       0       0       0       0       0       0
Total ram usage:       17 bytes
 Hardware stack levels used:    1
 Hardware stack levels required when called:   11
 This function calls:
		Nothing
 This function is called by:
		Interrupt level 1
 This function uses a non-reentrant model


 *************** function _SYS_InterruptHigh *****************
 Defined at:
		line 6 in file "system.c"
 Parameters:    Size  Location     Type
		None
 Auto vars:     Size  Location     Type
		None
 Return value:  Size  Location     Type
                  1    wreg      void 
 Registers used:
		wreg, fsr1l, fsr1h, fsr2l, fsr2h, status,2, status,0, pclath, tosl, tblptrl, tblptrh, tblptru, prodl, prodh, cstack
 Tracked objects:
		On entry : 
		On exit  : 
		Unchanged: 
 Data sizes:     COMRAM   BANK0   BANK1   BANK2   BANK3   BANK4   BANK5   BANK6   BANK7
      Params:         0       0       0       0       0       0       0       0       0
      Locals:         0       0       0       0       0       0       0       0       0
      Temps:         14       0       0       0       0       0       0       0       0
      Totals:        14       0       0       0       0       0       0       0       0
Total ram usage:       14 bytes
 Hardware stack levels used:    1
 Hardware stack levels required when called:   10
 This function calls:
		_USBDeviceTasks
 This function is called by:
		Interrupt level 2
 This function uses a non-reentrant model


 *************** function _USBDeviceTasks *****************
 Defined at:
		line 477 in file "../mla/v2017_03_06/framework/usb/src/usb_device.c"
 Parameters:    Size  Location     Type
		None
 Auto vars:     Size  Location     Type
  i               1   28[COMRAM] unsigned char 
 Return value:  Size  Location     Type
                  1    wreg      void 
 Registers used:
		wreg, fsr1l, fsr1h, fsr2l, fsr2h, status,2, status,0, pclath, tosl, tblptrl, tblptrh, tblptru, prodl, prodh, cstack
 Tracked objects:
		On entry : 
		On exit  : 
		Unchanged: 
 Data sizes:     COMRAM   BANK0   BANK1   BANK2   BANK3   BANK4   BANK5   BANK6   BANK7
      Params:         0       0       0       0       0       0       0       0       0
      Locals:         1       0       0       0       0       0       0       0       0
      Temps:          0       0       0       0       0       0       0       0       0
      Totals:         1       0       0       0       0       0       0       0       0
Total ram usage:        1 bytes
 Hardware stack levels used:    1
 Hardware stack levels required when called:    9
 This function calls:
		_USBCtrlEPAllowStatusStage
		_USBCtrlEPService
		_USBIncrement1msInternalTimers
		_USBStallHandler
		_USBSuspend
		_USBWakeFromSuspend
		_USER_USB_CALLBACK_EVENT_HANDLER
		i2_USBDeviceInit
 This function is called by:
		_SYS_InterruptHigh
 This function uses a non-reentrant model


 *************** function i2_USBDeviceInit *****************
 Defined at:
		line 277 in file "../mla/v2017_03_06/framework/usb/src/usb_device.c"
 Parameters:    Size  Location     Type
		None
 Auto vars:     Size  Location     Type
  USBDeviceIni    1    8[COMRAM] unsigned char 
 Return value:  Size  Location     Type
                  1    wreg      void 
 Registers used:
		wreg, fsr2l, fsr2h, status,2, status,0, prodl, prodh, cstack
 Tracked objects:
		On entry : 
		On exit  : 
		Unchanged: 
 Data sizes:     COMRAM   BANK0   BANK1   BANK2   BANK3   BANK4   BANK5   BANK6   BANK7
      Params:         0       0       0       0       0       0       0       0       0
      Locals:         1       0       0       0       0       0       0       0       0
      Temps:          0       0       0       0       0       0       0       0       0
      Totals:         1       0       0       0       0       0       0       0       0
Total ram usage:        1 bytes
 Hardware stack levels used:    1
 Hardware stack levels required when called:    1
 This function calls:
		i2_memset
 This function is called by:
		_USBDeviceTasks
 This function uses a non-reentrant model


 *************** function _USBWakeFromSuspend *****************
 Defined at:
		line 2303 in file "../mla/v2017_03_06/framework/usb/src/usb_device.c"
 Parameters:    Size  Location     Type
		None
 Auto vars:     Size  Location     Type
		None
 Return value:  Size  Location     Type
                  1    wreg      void 
 Registers used:
		wreg, fsr2l, fsr2h, status,2, status,0, prodl, prodh, cstack
 Tracked objects:
		On entry : 
		On exit  : 
		Unchanged: 
 Data sizes:     COMRAM   BANK0   BANK1   BANK2   BANK3   BANK4   BANK5   BANK6   BANK7
      Params:         0       0       0       0       0       0       0       0       0
      Locals:         0       0       0       0       0       0       0       0       0
      Temps:          0       0       0       0       0       0       0       0       0
      Totals:         0       0       0       0       0       0       0       0       0
Total ram usage:        0 bytes
 Hardware stack levels used:    1
 Hardware stack levels required when called:    5
 This function calls:
		_USER_USB_CALLBACK_EVENT_HANDLER
 This function is called by:
		_USBDeviceTasks
 This function uses a non-reentrant model


 *************** function _USBSuspend *****************
 Defined at:
		line 2245 in file "../mla/v2017_03_06/framework/usb/src/usb_device.c"
 Parameters:    Size  Location     Type
		None
 Auto vars:     Size  Location     Type
		None
 Return value:  Size  Location     Type
                  1    wreg      void 
 Registers used:
		wreg, fsr2l, fsr2h, status,2, status,0, prodl, prodh, cstack
 Tracked objects:
		On entry : 
		On exit  : 
		Unchanged: 
 Data sizes:     COMRAM   BANK0   BANK1   BANK2   BANK3   BANK4   BANK5   BANK6   BANK7
      Params:         0       0       0       0       0       0       0       0       0
      Locals:         0       0       0       0       0       0       0       0       0
      Temps:          0       0       0       0       0       0       0       0       0
      Totals:         0       0       0       0       0       0       0       0       0
Total ram usage:        0 bytes
 Hardware stack levels used:    1
 Hardware stack levels required when called:    5
 This function calls:
		_USER_USB_CALLBACK_EVENT_HANDLER
 This function is called by:
		_USBDeviceTasks
 This function uses a non-reentrant model


 *************** function _USBStallHandler *****************
 Defined at:
		line 2202 in file "../mla/v2017_03_06/framework/usb/src/usb_device.c"
 Parameters:    Size  Location     Type
		None
 Auto vars:     Size  Location     Type
		None
 Return value:  Size  Location     Type
                  1    wreg      void 
 Registers used:
		wreg, fsr2l, fsr2h, status,2, status,0
 Tracked objects:
		On entry : 
		On exit  : 
		Unchanged: 
[...]
 Return value:  Size  Location     Type
                  1    wreg      void 
 Registers used:
		wreg, fsr2l, fsr2h, status,2, status,0, prodl, prodh, cstack
 Tracked objects:
		On entry : 
		On exit  : 
		Unchanged: 
 Data sizes:     COMRAM   BANK0   BANK1   BANK2   BANK3   BANK4   BANK5   BANK6   BANK7
      Params:         0       0       0       0       0       0       0       0       0
      Locals:         1       0       0       0       0       0       0       0       0
      Temps:          0       0       0       0       0       0       0       0       0
      Totals:         1       0       0       0       0       0       0       0       0
Total ram usage:        1 bytes
 Hardware stack levels used:    1
 Hardware stack levels required when called:    3
 This function calls:
		_CDCInitEP
		_USART_Initialize
 This function is called by:
		_USER_USB_CALLBACK_EVENT_HANDLER
 This function uses a non-reentrant model


 *************** function _CDCInitEP *****************
 Defined at:
		line 294 in file "../mla/v2017_03_06/framework/usb/src/usb_device_cdc.c"
 Parameters:    Size  Location     Type
		None
 Auto vars:     Size  Location     Type
		None
 Return value:  Size  Location     Type
                  1    wreg      void 
 Registers used:
		wreg, fsr2l, fsr2h, status,2, status,0, prodl, prodh, cstack
 Tracked objects:
		On entry : 
		On exit  : 
		Unchanged: 
 Data sizes:     COMRAM   BANK0   BANK1   BANK2   BANK3   BANK4   BANK5   BANK6   BANK7
      Params:         0       0       0       0       0       0       0       0       0
      Locals:         0       0       0       0       0       0       0       0       0
      Temps:          0       0       0       0       0       0       0       0       0
      Totals:         0       0       0       0       0       0       0       0       0
Total ram usage:        0 bytes
 Hardware stack levels used:    1
 Hardware stack levels required when called:    2
 This function calls:
		_USBEnableEndpoint
		i2_USBTransferOnePacket
 This function is called by:
		_APP_DeviceCDCEmulatorInitialize
 This function uses a non-reentrant model


 *************** function i2_USBTransferOnePacket *****************
 Defined at:
		line 995 in file "../mla/v2017_03_06/framework/usb/src/usb_device.c"
 Parameters:    Size  Location     Type
  ep              1    wreg     unsigned char 
  dir             1    0[COMRAM] unsigned char 
  data            2    1[COMRAM] PTR unsigned char 
		 -> cdc_data_tx(64), cdc_data_rx(64), NULL(0), 
  len             1    3[COMRAM] unsigned char 
 Auto vars:     Size  Location     Type
  ep              1    8[COMRAM] unsigned char 
  USBTransferO    2    9[COMRAM] PTR volatile struct __BD
		 -> RAM(2047), NULL(0), BDT(48), 
 Return value:  Size  Location     Type
                  2    0[COMRAM] PTR void 
 Registers used:
		wreg, fsr2l, fsr2h, status,2, status,0, prodl, prodh
 Tracked objects:
		On entry : 
		On exit  : 
		Unchanged: 
 Data sizes:     COMRAM   BANK0   BANK1   BANK2   BANK3   BANK4   BANK5   BANK6   BANK7
      Params:         4       0       0       0       0       0       0       0       0
      Locals:         3       0       0       0       0       0       0       0       0
      Temps:          4       0       0       0       0       0       0       0       0
      Totals:        11       0       0       0       0       0       0       0       0
Total ram usage:       11 bytes
 Hardware stack levels used:    1
 This function calls:
		Nothing
 This function is called by:
		_CDCInitEP
 This function uses a non-reentrant model


 *************** function _USBEnableEndpoint *****************
 Defined at:
		line 878 in file "../mla/v2017_03_06/framework/usb/src/usb_device.c"
 Parameters:    Size  Location     Type
  ep              1    wreg     unsigned char 
  options         1    8[COMRAM] unsigned char 
 Auto vars:     Size  Location     Type
  ep              1   11[COMRAM] unsigned char 
  p               2    9[COMRAM] PTR unsigned char 
		 -> UEP0(1), 
 Return value:  Size  Location     Type
                  1    wreg      void 
 Registers used:
		wreg, fsr2l, fsr2h, status,2, status,0, prodl, prodh, cstack
 Tracked objects:
		On entry : 
		On exit  : 
		Unchanged: 
 Data sizes:     COMRAM   BANK0   BANK1   BANK2   BANK3   BANK4   BANK5   BANK6   BANK7
      Params:         1       0       0       0       0       0       0       0       0
      Locals:         3       0       0       0       0       0       0       0       0
      Temps:          0       0       0       0       0       0       0       0       0
      Totals:         4       0       0       0       0       0       0       0       0
Total ram usage:        4 bytes
 Hardware stack levels used:    1
 Hardware stack levels required when called:    1
 This function calls:
		_USBConfigureEndpoint
 This function is called by:
		_CDCInitEP
 This function uses a non-reentrant model


 *************** function _USBConfigureEndpoint *****************
 Defined at:
		line 1543 in file "../mla/v2017_03_06/framework/usb/src/usb_device.c"
 Parameters:    Size  Location     Type
  EPNum           1    wreg     unsigned char 
  direction       1    0[COMRAM] unsigned char 
 Auto vars:     Size  Location     Type
  EPNum           1    5[COMRAM] unsigned char 
  handle          2    6[COMRAM] PTR volatile struct __BD
		 -> BDT(48), 
 Return value:  Size  Location     Type
                  1    wreg      void 
 Registers used:
		wreg, fsr2l, fsr2h, status,2, status,0, prodl, prodh
 Tracked objects:
		On entry : 
		On exit  : 
		Unchanged: 
 Data sizes:     COMRAM   BANK0   BANK1   BANK2   BANK3   BANK4   BANK5   BANK6   BANK7
      Params:         1       0       0       0       0       0       0       0       0
      Locals:         3       0       0       0       0       0       0       0       0
      Temps:          4       0       0       0       0       0       0       0       0
      Totals:         8       0       0       0       0       0       0       0       0
Total ram usage:        8 bytes
 Hardware stack levels used:    1
 This function calls:
		Nothing
 This function is called by:
		_USBEnableEndpoint
 This function uses a non-reentrant model


 *************** function _USBCtrlTrfOutHandler *****************
 Defined at:
		line 2538 in file "../mla/v2017_03_06/framework/usb/src/usb_device.c"
 Parameters:    Size  Location     Type
		None
 Auto vars:     Size  Location     Type
		None
 Return value:  Size  Location     Type
                  1    wreg      void 
 Registers used:
		wreg, fsr1l, fsr1h, fsr2l, fsr2h, status,2, status,0, pclath, tosl, prodl, prodh, cstack
 Tracked objects:
		On entry : 
		On exit  : 
		Unchanged: 
 Data sizes:     COMRAM   BANK0   BANK1   BANK2   BANK3   BANK4   BANK5   BANK6   BANK7
      Params:         0       0       0       0       0       0       0       0       0
      Locals:         0       0       0       0       0       0       0       0       0
      Temps:          0       0       0       0       0       0       0       0       0
      Totals:         0       0       0       0       0       0       0       0       0
Total ram usage:        0 bytes
 Hardware stack levels used:    1
 Hardware stack levels required when called:    3
 This function calls:
		_USBCtrlTrfRxService
 This function is called by:
		_USBCtrlEPService
 This function uses a non-reentrant model


 *************** function _USBCtrlTrfRxService *****************
 Defined at:
		line 1852 in file "../mla/v2017_03_06/framework/usb/src/usb_device.c"
 Parameters:    Size  Location     Type
		None
 Auto vars:     Size  Location     Type
  byteToRead      1   18[COMRAM] unsigned char 
  i               1   17[COMRAM] unsigned char 
 Return value:  Size  Location     Type
                  1    wreg      void 
 Registers used:
		wreg, fsr1l, fsr1h, fsr2l, fsr2h, status,2, status,0, pclath, tosl, prodl, prodh, cstack
 Tracked objects:
		On entry : 
		On exit  : 
		Unchanged: 
 Data sizes:     COMRAM   BANK0   BANK1   BANK2   BANK3   BANK4   BANK5   BANK6   BANK7
      Params:         0       0       0       0       0       0       0       0       0
      Locals:         2       0       0       0       0       0       0       0       0
      Temps:          0       0       0       0       0       0       0       0       0
      Totals:         2       0       0       0       0       0       0       0       0
Total ram usage:        2 bytes
 Hardware stack levels used:    1
 Hardware stack levels required when called:    2
 This function calls:
		_USART_mySetLineCodingHandler
		_USBCtrlEPAllowStatusStage
 This function is called by:
		_USBCtrlTrfOutHandler
 This function uses a non-reentrant model


 *************** function _USBCtrlEPAllowStatusStage *****************
 Defined at:
		line 1416 in file "../mla/v2017_03_06/framework/usb/src/usb_device.c"
 Parameters:    Size  Location     Type
		None
 Auto vars:     Size  Location     Type
		None
 Return value:  Size  Location     Type
                  1    wreg      void 
 Registers used:
		wreg, fsr2l, fsr2h, status,2, status,0
 Tracked objects:
		On entry : 
		On exit  : 
		Unchanged: 
 Data sizes:     COMRAM   BANK0   BANK1   BANK2   BANK3   BANK4   BANK5   BANK6   BANK7
      Params:         0       0       0       0       0       0       0       0       0
      Locals:         0       0       0       0       0       0       0       0       0
      Temps:          0       0       0       0       0       0       0       0       0
      Totals:         0       0       0       0       0       0       0       0       0
Total ram usage:        0 bytes
 Hardware stack levels used:    1
 This function calls:
		Nothing
 This function is called by:
		_USBDeviceTasks
		_USBCtrlEPServiceComplete
		_USBCtrlTrfRxService
 This function uses a non-reentrant model


 *************** function _USBCtrlTrfInHandler *****************
 Defined at:
		line 2592 in file "../mla/v2017_03_06/framework/usb/src/usb_device.c"
 Parameters:    Size  Location     Type
		None
 Auto vars:     Size  Location     Type
  lastDTS         1   17[COMRAM] unsigned char 
 Return value:  Size  Location     Type
                  1    wreg      void 
 Registers used:
		wreg, fsr1l, fsr1h, fsr2l, fsr2h, status,2, status,0, pclath, tosl, tblptrl, tblptrh, tblptru, cstack
 Tracked objects:
		On entry : 
		On exit  : 
		Unchanged: 
 Data sizes:     COMRAM   BANK0   BANK1   BANK2   BANK3   BANK4   BANK5   BANK6   BANK7
      Params:         0       0       0       0       0       0       0       0       0
      Locals:         1       0       0       0       0       0       0       0       0
      Temps:          0       0       0       0       0       0       0       0       0
      Totals:         1       0       0       0       0       0       0       0       0
Total ram usage:        1 bytes
 Hardware stack levels used:    1
 Hardware stack levels required when called:    2
 This function calls:
		_USART_mySetLineCodingHandler
		_USBCtrlTrfTxService
 This function is called by:
		_USBCtrlEPService
 This function uses a non-reentrant model


 *************** function _USBCtrlTrfTxService *****************
 Defined at:
		line 1771 in file "../mla/v2017_03_06/framework/usb/src/usb_device.c"
 Parameters:    Size  Location     Type
		None
 Auto vars:     Size  Location     Type
  byteToSend      1    0[COMRAM] unsigned char 
 Return value:  Size  Location     Type
                  1    wreg      void 
 Registers used:
		wreg, fsr1l, fsr1h, fsr2l, fsr2h, status,2, status,0, tblptrl, tblptrh, tblptru
 Tracked objects:
		On entry : 
		On exit  : 
		Unchanged: 
 Data sizes:     COMRAM   BANK0   BANK1   BANK2   BANK3   BANK4   BANK5   BANK6   BANK7
      Params:         0       0       0       0       0       0       0       0       0
      Locals:         1       0       0       0       0       0       0       0       0
      Temps:          0       0       0       0       0       0       0       0       0
      Totals:         1       0       0       0       0       0       0       0       0
Total ram usage:        1 bytes
 Hardware stack levels used:    1
 This function calls:
		Nothing
 This function is called by:
		_USBCtrlEPAllowDataStage
		_USBCtrlTrfInHandler
 This function uses a non-reentrant model


 *************** function _USART_mySetLineCodingHandler *****************
 Defined at:
		line 112 in file "../mla/v2017_03_06/framework/usb/src/usart.c"
 Parameters:    Size  Location     Type
		None
 Auto vars:     Size  Location     Type
  dwBaud          4   13[COMRAM] unsigned long 
 Return value:  Size  Location     Type
                  1    wreg      void 
 Registers used:
		wreg, status,2, status,0, cstack
 Tracked objects:
		On entry : 
		On exit  : 
		Unchanged: 
 Data sizes:     COMRAM   BANK0   BANK1   BANK2   BANK3   BANK4   BANK5   BANK6   BANK7
      Params:         0       0       0       0       0       0       0       0       0
      Locals:         4       0       0       0       0       0       0       0       0
      Temps:          0       0       0       0       0       0       0       0       0
      Totals:         4       0       0       0       0       0       0       0       0
Total ram usage:        4 bytes
 Hardware stack levels used:    1
 Hardware stack levels required when called:    1
 This function calls:
		_USART_Initialize
		___lldiv
 This function is called by:
		_USBCheckCDCRequest
		_USBCtrlTrfRxService
		_USBCtrlTrfInHandler
 This function uses a non-reentrant model


 *************** function ___lldiv *****************
 Defined at:
		line 8 in file "D:\Program Files (x86)\Microchip\xc8\v1.42\sources\common\lldiv.c"
 Parameters:    Size  Location     Type
  dividend        4    0[COMRAM] unsigned long 
  divisor         4    4[COMRAM] unsigned long 
 Auto vars:     Size  Location     Type
  quotient        4    8[COMRAM] unsigned long 
  counter         1   12[COMRAM] unsigned char 
 Return value:  Size  Location     Type
                  4    0[COMRAM] unsigned long 
 Registers used:
		wreg, status,2, status,0
 Tracked objects:
		On entry : 
		On exit  : 
		Unchanged: 
 Data sizes:     COMRAM   BANK0   BANK1   BANK2   BANK3   BANK4   BANK5   BANK6   BANK7
      Params:         8       0       0       0       0       0       0       0       0
      Locals:         5       0       0       0       0       0       0       0       0
      Temps:          0       0       0       0       0       0       0       0       0
      Totals:        13       0       0       0       0       0       0       0       0
Total ram usage:       13 bytes
 Hardware stack levels used:    1
 This function calls:
		Nothing
 This function is called by:
		_USART_mySetLineCodingHandler
 This function uses a non-reentrant model


 *************** function _USART_Initialize *****************
 Defined at:
		line 46 in file "../mla/v2017_03_06/framework/usb/src/usart.c"
 Parameters:    Size  Location     Type
		None
 Auto vars:     Size  Location     Type
  c               1    0[COMRAM] unsigned char 
 Return value:  Size  Location     Type
                  1    wreg      void 
 Registers used:
		None
 Tracked objects:
		On entry : 
		On exit  : 
		Unchanged: 
 Data sizes:     COMRAM   BANK0   BANK1   BANK2   BANK3   BANK4   BANK5   BANK6   BANK7
      Params:         0       0       0       0       0       0       0       0       0
      Locals:         1       0       0       0       0       0       0       0       0
      Temps:          0       0       0       0       0       0       0       0       0
      Totals:         1       0       0       0       0       0       0       0       0
Total ram usage:        1 bytes
 Hardware stack levels used:    1
 This function calls:
		Nothing
 This function is called by:
		_APP_DeviceCDCEmulatorInitialize
		_USART_mySetLineCodingHandler
 This function uses a non-reentrant model



MODULE INFORMATION

Module		Function		Class		Link	Load	Size
../mla/v2017_03_06/framework/usb/src/usart.c
		_USART_getcUSART		CODE           	2536	0000	25
		_USART_Initialize		CODE           	254E	0000	23
		_USART_putcUSART		CODE           	258A	0000	11
		_USART_mySetLineCodingHandler		CODE           	227C	0000	91

../mla/v2017_03_06/framework/usb/src/usart.c estimated size: 150

../mla/v2017_03_06/framework/usb/src/app_device_cdc_to_uart.c
		_APP_DeviceCDCEmulatorInitialize		CODE           	215E	0000	103
		_APP_DeviceCDCEmulatorTasks		CODE           	1A8C	0000	197

../mla/v2017_03_06/framework/usb/src/app_device_cdc_to_uart.c estimated size: 300

../mla/v2017_03_06/framework/usb/src/usb_device.c
		_USBCtrlTrfInHandler		CODE           	152A	0000	247
		_USBTransferOnePacket		CODE           	1096	0000	309
		_USBDeviceAttach		CODE           	2470	0000	49
		_USBStdGetDscHandler		CODE           	0F5A	0000	317
		_USBCtrlEPAllowDataStage		CODE           	1E30	0000	159
		_USBStdFeatureReqHandler		CODE           	08CC	0000	673
		_USBCtrlEPAllowStatusStage		CODE           	1B50	0000	197
		_USBCtrlTrfSetupHandler		CODE           	1D8A	0000	167
		_USBCtrlTrfOutHandler		CODE           	2220	0000	93
		_USBCtrlEPServiceComplete		CODE           	1620	0000	245
		_USBSuspend    		CODE           	24A0	0000	45
		_USBStdSetCfgHandler		CODE           	1806	0000	227
		_USBStdGetStatusHandler		CODE           	1CD0	0000	187
		_USBWakeFromSuspend		CODE           	243E	0000	51
		_USBCtrlTrfRxService		CODE           	0E1A	0000	321
		_USBCtrlTrfTxService		CODE           	18E8	0000	213
		_USBEnableEndpoint		CODE           	239C	0000	61
		_USBConfigureEndpoint		CODE           	1F64	0000	149
		_USBDeviceInit 		CODE           	0B6C	0000	359
		_USBIncrement1msInternalTimers		CODE           	2518	0000	31
		_USBCtrlEPService		CODE           	1ECE	0000	151
		_USBStallHandler		CODE           	231A	0000	67
		_USBDeviceTasks		CODE           	12FA	0000	303
		_USBCheckStdRequest		CODE           	1714	0000	243

../mla/v2017_03_06/framework/usb/src/usb_device.c estimated size: 4864

../mla/v2017_03_06/framework/usb/src/usb_device_cdc.c
		_CDCTxService  		CODE           	11CA	0000	305
		_CDCInitEP     		CODE           	20F4	0000	107
		_putUSBUSART   		CODE           	24F8	0000	33
		_getsUSBUSART  		CODE           	1C14	0000	189
		_USBCheckCDCRequest		CODE           	19BC	0000	209

../mla/v2017_03_06/framework/usb/src/usb_device_cdc.c estimated size: 843

D:\Program Files (x86)\Microchip\xc8\v1.42\sources\common\memset.c
		_memset        		CODE           	23D8	0000	53

D:\Program Files (x86)\Microchip\xc8\v1.42\sources\common\memset.c estimated size: 53

shared
		_configDescriptor1		SMALLCONST     	0809	0000	68
		_USB_CD_Ptr    		SMALLCONST     	0807	0000	3
		_sd001         		SMALLCONST     	0880	0000	53
		_sd002         		SMALLCONST     	084C	0000	53
		i2_USBDeviceInit		CODE           	0CD2	0000	329
		__initialization		CODE           	240C	0000	37
		_device_dsc    		SMALLCONST     	08B4	0000	19
		_USB_SD_Ptr    		SMALLCONST     	0801	0000	7
		i2_memset      		CODE           	24CC	0000	45
		_sd000         		SMALLCONST     	08C6	0000	5
		i2_USBTransferOnePacket		CODE           	1428	0000	259

shared estimated size: 878

D:\Program Files (x86)\Microchip\xc8\v1.42\sources\common\memcpy.c
		_memcpy        		CODE           	22D6	0000	69

D:\Program Files (x86)\Microchip\xc8\v1.42\sources\common\memcpy.c estimated size: 69

D:\Program Files (x86)\Microchip\xc8\v1.42\sources\common\lldiv.c
		___lldiv       		CODE           	1FF8	0000	131

D:\Program Files (x86)\Microchip\xc8\v1.42\sources\common\lldiv.c estimated size: 131

main_cdc.c
		_CDC_Routine   		CODE           	2578	0000	19
		_USER_USB_CALLBACK_EVENT_HANDLER		CODE           	21C4	0000	93

main_cdc.c estimated size: 112

main.c
		_main          		CODE           	2564	0000	21

main.c estimated size: 21

system.c
		_SYS_InterruptLow		CODE           	0018	0000	143
		_SYS_InterruptHigh		CODE           	0008	0000	129
		_SYSTEM_Initialize		CODE           	235C	0000	65

system.c estimated size: 337

