Microchip MPLAB XC8 Compiler V1.42 ()

Linker command line:

-W-3 --edf=D:\Program Files (x86)\Microchip\xc8\v1.42\dat\en_msgs.txt -cs \
  -h+dist/DevBugger/production\Boot.X.production.sym \
  --cmf=dist/DevBugger/production\Boot.X.production.cmf -z -Q18F2550 \
  -oC:\Users\Admin\AppData\Local\Temp\s131g.2 \
  -Mdist/DevBugger/production/Boot.X.production.map -E1 -ver=XC8 \
  -ASTACK=0180h-03ffh -pstack=STACK -ACODE=00h-07FFFh -ACONST=00h-07FFFh \
  -ASMALLCONST=0800h-08FFhx120 -AMEDIUMCONST=0800h-07FFFh -ACOMRAM=01h-05Fh \
  -AABS1=00h-07FFh -ABIGRAM=01h-07FFh -ARAM=060h-0FFh,0100h-01FFhx7 \
  -ABANK0=060h-0FFh -ABANK1=0100h-01FFh -ABANK2=0200h-02FFh \
  -ABANK3=0300h-03FFh -ABANK4=0400h-04FFh -ABANK5=0500h-05FFh \
  -ABANK6=0600h-06FFh -ABANK7=0700h-07FFh -ASFR=0F60h-0FFFh \
  -preset_vec=00h,intcode=08h,intcodelo=018h,powerup,init -pramtop=0800h \
  -psmallconst=SMALLCONST -pmediumconst=MEDIUMCONST -pconst=CONST \
  -AFARRAM=00h-00h -ACONFIG=0300000h-030000Dh -pconfig=CONFIG \
  -AIDLOC=0200000h-0200007h -pidloc=IDLOC -AEEDATA=0F00000h-0F000FFh \
  -peeprom_data=EEDATA \
  -prdata=COMRAM,nvrram=COMRAM,nvbit=COMRAM,rbss=COMRAM,rbit=COMRAM \
  -pfarbss=FARRAM,fardata=FARRAM,nvFARRAM=FARRAM \
  -pintsave_regs=BIGRAM,bigbss=BIGRAM,bigdata=BIGRAM -pbss=RAM \
  -pidata=CODE,irdata=CODE,ibigdata=CODE,ifardata=CODE -prparam=COMRAM \
  C:\Users\Admin\AppData\Local\Temp\s131g.obj \
  dist/DevBugger/production\Boot.X.production.obj 

Object code version is 3.11

Machine type is 18F2550

Call graph: (short form)




                Name                               Link     Load   Length Selector   Space Scale
C:\Users\Admin\AppData\Local\Temp\s131g.obj
                init                                 A6       A6        4        C       0
                reset_vec                             0        0        4        0       0
                idloc                            200000   200000        8   200000       0
                config                           300000   300000        E   300000       0
dist/DevBugger/production\Boot.X.production.obj
                intcodelo                            18       18       8E        C       0
                intcode                               8        8        6        4       0
                temp                                 58       58        1        1       1
                smallconst                          800      800       CC      400       0
                text49                             2608     2608       16      466       0
                text48                             2008     2008       82      466       0
                text47                             2288     2288       5A      466       0
                text46                             18F8     18F8       D4      466       0
                text45                             153A     153A       F6      466       0
                text44                             1B60     1B60       C4      466       0
                text43                              E22      E22      140      466       0
                text42                             222C     222C       5C      466       0
                text41                             1F74     1F74       94      466       0
                text40                             23FA     23FA       3C      466       0
                text39                             1438     1438      102      466       0
                text38                             2104     2104       6A      466       0
                text37                             216E     216E       62      466       0
                text36                             19CC     19CC       D0      466       0
                text35                             21D0     21D0       5C      466       0
                text34                              8CC      8CC      2A0      466       0
                text33                              F62      F62      13C      466       0
                text32                             1CE0     1CE0       BA      466       0
                text31                             2568     2568       2C      466       0
                text30                             1816     1816       E2      466       0
                text29                             1724     1724       F2      466       0
                text28                             1E40     1E40       9E      466       0
                text27                             1630     1630       F4      466       0
                text26                             1D9A     1D9A       A6      466       0
                text25                             2374     2374       44      466       0
                text24                             1EDE     1EDE       96      466       0
                text23                             2594     2594       26      466       0
                text22                             23B8     23B8       42      466       0
                text21                             2538     2538       30      466       0
                text20                             246C     246C       36      466       0
                text19                              CD6      CD6      14C      466       0
                text18                             130A     130A      12E      466       0
                intcode_body                       208A     208A       7A      466       0
                text15                             11D6     11D6      134      466       0
                text14                             109E     109E      138      466       0
                text13                             25DA     25DA       18      466       0
                text12                             2630     2630        A      466       0
                text11                             1C24     1C24       BC      466       0
                text10                             25BA     25BA       20      466       0
                text9                              1A9C     1A9C       C4      466       0
                text8                              261E     261E       12      466       0
                text7                              2436     2436       36      466       0
                text6                              2508     2508       30      466       0
                text5                              24A2     24A2       34      466       0
                text4                               B6C      B6C      16A      466       0
                text3                              25F2     25F2       16      466       0
                text2                              263C     263C        2      466       0
                text1                              24D6     24D6       32      466       0
                text0                              232C     232C       48      466       0
                cstackCOMRAM                          1        1       2B        1       1
                cstackBANK0                          C1       C1       22       60       1
                bssBANK1                            100      100       80      100       1
                bssBANK0                             60       60       61       60       1
                dataCOMRAM                           56       56        2        1       1
                bssCOMRAM                            2C       2C       2A        1       1
                cinit                              22E2     22E2       4A      466       0
                idataCOMRAM                        263A     263A        2      466       0

TOTAL           Name                               Link     Load   Length     Space
        CLASS   STACK          

        CLASS   CODE           
                intcodelo                            18       18       8E         0
                intcode                               8        8        6         0
                init                                 A6       A6        4         0
                reset_vec                             0        0        4         0
                text49                             2608     2608       16         0
                text48                             2008     2008       82         0
                text47                             2288     2288       5A         0
                text46                             18F8     18F8       D4         0
                text45                             153A     153A       F6         0
                text44                             1B60     1B60       C4         0
                text43                              E22      E22      140         0
                text42                             222C     222C       5C         0
                text41                             1F74     1F74       94         0
                text40                             23FA     23FA       3C         0
                text39                             1438     1438      102         0
                text38                             2104     2104       6A         0
                text37                             216E     216E       62         0
                text36                             19CC     19CC       D0         0
                text35                             21D0     21D0       5C         0
                text34                              8CC      8CC      2A0         0
                text33                              F62      F62      13C         0
                text32                             1CE0     1CE0       BA         0
                text31                             2568     2568       2C         0
                text30                             1816     1816       E2         0
                text29                             1724     1724       F2         0
                text28                             1E40     1E40       9E         0
                text27                             1630     1630       F4         0
                text26                             1D9A     1D9A       A6         0
                text25                             2374     2374       44         0
                text24                             1EDE     1EDE       96         0
                text23                             2594     2594       26         0
                text22                             23B8     23B8       42         0
                text21                             2538     2538       30         0
                text20                             246C     246C       36         0
                text19                              CD6      CD6      14C         0
                text18                             130A     130A      12E         0
                intcode_body                       208A     208A       7A         0
                text15                             11D6     11D6      134         0
                text14                             109E     109E      138         0
                text13                             25DA     25DA       18         0
                text12                             2630     2630        A         0
                text11                             1C24     1C24       BC         0
                text10                             25BA     25BA       20         0
                text9                              1A9C     1A9C       C4         0
                text8                              261E     261E       12         0
                text7                              2436     2436       36         0
                text6                              2508     2508       30         0
                text5                              24A2     24A2       34         0
                text4                               B6C      B6C      16A         0
                text3                              25F2     25F2       16         0
                text2                              263C     263C        2         0
                text1                              24D6     24D6       32         0
                text0                              232C     232C       48         0
                cinit                              22E2     22E2       4A         0
                idataCOMRAM                        263A     263A        2         0

        CLASS   CONST          

        CLASS   SMALLCONST     
                smallconst                          800      800       CC         0

        CLASS   MEDIUMCONST    

        CLASS   COMRAM         
                temp                                 58       58        1         1
                cstackCOMRAM                          1        1       2B         1
                dataCOMRAM                           56       56        2         1
                bssCOMRAM                            2C       2C       2A         1

        CLASS   ABS1           
                abs_s1                              400      400       40         1
                abs_s1                              500      500       80         1

        CLASS   BIGRAM         

        CLASS   RAM            

        CLASS   BANK0          
                cstackBANK0                          C1       C1       22         1
                bssBANK0                             60       60       61         1

        CLASS   BANK1          
                bssBANK1                            100      100       80         1

        CLASS   BANK2          

        CLASS   BANK3          

        CLASS   BANK4          

        CLASS   BANK5          

        CLASS   BANK6          

        CLASS   BANK7          

        CLASS   SFR            

        CLASS   FARRAM         

        CLASS   CONFIG         
                config                           300000   300000        E         0

        CLASS   IDLOC          
                idloc                            200000   200000        8         0

        CLASS   EEDATA         



SEGMENTS        Name                           Load    Length   Top    Selector   Space  Class

                reset_vec                      000000  000004  000004         0       0  CODE    
                cstackCOMRAM                   000001  000058  000059         1       1  COMRAM  
                intcode                        000008  000006  00000E         4       0  CODE    
                intcodelo                      000018  000092  0000AA         C       0  CODE    
                bssBANK0                       000060  000083  0000E3        60       1  BANK0   
                bssBANK1                       000100  000080  000180       100       1  BANK1   
                smallconst                     000800  0000CC  0008CC       400       0  SMALLCON
                text34                         0008CC  001D72  00263E       466       0  CODE    
                idloc                          200000  000008  200008    200000       0  IDLOC   
                config                         300000  00000E  30000E    300000       0  CONFIG  


UNUSED ADDRESS RANGES

        Name                Unused          Largest block    Delta
        BANK0            0000E3-0000FF               1D
        BANK1            000180-0001FF               80
        BANK2            000200-0002FF              100
        BANK3            000300-0003FF              100
        BANK4            000440-0004FF               C0
        BANK5            000580-0005FF               80
        BANK6            000600-0006FF              100
        BANK7            000700-0007FF              100
        BIGRAM           000059-00005F                7
                         0000E3-0000FF               1D
                         000180-0003FF              280
                         000440-0004FF               C0
                         000580-0007FF              280
        CODE             000004-000007                4
                         00000E-000017                A
                         0000AA-0007FF              756
                         00263E-007FFF             59C2
        COMRAM           000059-00005F                7
        CONST            000004-000007                4
                         00000E-000017                A
                         0000AA-0007FF              756
                         00263E-007FFF             59C2
        EEDATA           F00000-F000FF              100
        MEDIUMCONST      00263E-007FFF             59C2
        RAM              0000E3-0000FF               1D
                         000180-0003FF              100
                         000440-0004FF               C0
                         000580-0007FF              100
        SFR              000F60-000FFF               A0
        SMALLCONST       00263E-007FFF              100
        STACK            000180-0003FF              280

                                  Symbol Table

?_USBTransferOnePacket                    cstackBANK0  0000D2
?___lldiv                                 cstackCOMRAM 000001
?i2_USBTransferOnePacket                  cstackCOMRAM 000001
APP_DeviceCDCEmulatorInitialize@i         cstackCOMRAM 00000D
CDCTxService@byte_to_send                 cstackBANK0  0000DE
CDCTxService@i                            cstackBANK0  0000DD
SYSTEM_Initialize@state                   cstackBANK0  0000D2
USART_Initialize@c                        cstackCOMRAM 000001
USART_getcUSART@c                         cstackBANK0  0000D2
USART_mySetLineCodingHandler@dwBaud       cstackCOMRAM 00000E
USART_putcUSART@c                         cstackBANK0  0000D2
USBConfigureEndpoint@EPNum                cstackCOMRAM 000006
USBConfigureEndpoint@direction            cstackCOMRAM 000001
USBConfigureEndpoint@handle               cstackCOMRAM 000007
USBCtrlTrfInHandler@lastDTS               cstackCOMRAM 000012
USBCtrlTrfRxService@byteToRead            cstackCOMRAM 000013
USBCtrlTrfRxService@i                     cstackCOMRAM 000012
USBCtrlTrfTxService@byteToSend            cstackCOMRAM 000001
USBDeviceInit@i                           cstackBANK0  0000DA
USBDeviceTasks@i                          cstackCOMRAM 00001D
USBEnableEndpoint@ep                      cstackCOMRAM 00000C
USBEnableEndpoint@options                 cstackCOMRAM 000009
USBEnableEndpoint@p                       cstackCOMRAM 00000A
USBStdFeatureReqHandler@current_ep_data   cstackCOMRAM 000019
USBStdFeatureReqHandler@p                 cstackCOMRAM 00001A
USBStdFeatureReqHandler@pUEP              cstackCOMRAM 000017
USBStdGetStatusHandler@p                  cstackCOMRAM 000002
USBStdSetCfgHandler@i                     cstackCOMRAM 000016
USBTransferOnePacket@data                 cstackBANK0  0000D3
USBTransferOnePacket@dir                  cstackBANK0  0000D2
USBTransferOnePacket@ep                   cstackBANK0  0000DA
USBTransferOnePacket@handle               cstackBANK0  0000DB
USBTransferOnePacket@len                  cstackBANK0  0000D5
USER_USB_CALLBACK_EVENT_HANDLER@event     cstackCOMRAM 00000E
USER_USB_CALLBACK_EVENT_HANDLER@pdata     cstackCOMRAM 000010
USER_USB_CALLBACK_EVENT_HANDLER@size      cstackCOMRAM 000012
_ADCON0bits                               (abs)        000FC2
_ADCON1                                   (abs)        000FC1
_ADIE                                     (abs)        007CEE
_APP_DeviceCDCEmulatorInitialize          text37       00216E
_APP_DeviceCDCEmulatorTasks               text9        001A9C
_BDT                                      (abs)        000400
_BaudRateGen                              bssBANK0     00007A
_BothEP0OutUOWNsSet                       bssCOMRAM    000047
_CDCDataInHandle                          bssCOMRAM    000033
_CDCDataOutHandle                         bssBANK0     000087
_CDCInitEP                                text38       002104
_CDCTxService                             text14       00109E
_CDC_Routine                              text8        00261E
_CtrlTrfData                              (abs)        000438
_INTCONbits                               (abs)        000FF2
_IPR2bits                                 (abs)        000FA2
_LATA                                     (abs)        000F89
_LATB                                     (abs)        000F8A
_LATC                                     (abs)        000F8B
_LastRS232Out                             bssCOMRAM    00004E
_NextUSBOut                               bssCOMRAM    00004F
_OSCCONbits                               (abs)        000FD3
_PEIE                                     (abs)        007F96
_PIE2bits                                 (abs)        000FA0
_PIR1bits                                 (abs)        000F9E
_PIR2bits                                 (abs)        000FA1
_RCIE                                     (abs)        007CED
_RCIF                                     (abs)        007CF5
_RCONbits                                 (abs)        000FD0
_RCREG                                    (abs)        000FAE
_RCSTAbits                                (abs)        000FAB
_RS232_Out_Data                           bssBANK1     000100
_RS232_Out_Data_Rdy                       bssCOMRAM    00004C
_RS232cp                                  bssCOMRAM    00004D
_RemoteWakeup                             bssCOMRAM    000049
_SPBRG                                    (abs)        000FAF
_SPBRGH                                   (abs)        000FB0
_SYSTEM_Initialize                        text7        002436
_SYS_InterruptHigh                        intcode      000008
_SYS_InterruptLow                         intcodelo    000018
_SetupPkt                                 (abs)        000430
_TRISA                                    (abs)        000F92
_TRISB                                    (abs)        000F93
_TRISC                                    (abs)        000F94
_TRISC6                                   (abs)        007CA6
_TRISC7                                   (abs)        007CA7
_TRISCbits                                (abs)        000F94
_TRMT                                     (abs)        007D61
_TXIE                                     (abs)        007CEC
_TXIF                                     (abs)        007CF4
_TXREG                                    (abs)        000FAD
_TXSTAbits                                (abs)        000FAC
_UADDR                                    (abs)        000F6E
_UART                                     dataCOMRAM   000056
_UARTinterruptState                       bssCOMRAM    00003D
_UCFG                                     (abs)        000F6F
_UCON                                     (abs)        000F6D
_UCONbits                                 (abs)        000F6D
_UEIE                                     (abs)        000F6B
_UEIR                                     (abs)        000F6A
_UEP0                                     (abs)        000F70
_UEP0bits                                 (abs)        000F70
_UEP1                                     (abs)        000F71
_UIE                                      (abs)        000F69
_UIEbits                                  (abs)        000F69
_UIR                                      (abs)        000F68
_UIRbits                                  (abs)        000F68
_USART_Initialize                         text49       002608
_USART_getcUSART                          text13       0025DA
_USART_mySetLineCodingHandler             text47       002288
_USART_putcUSART                          text12       002630
_USB1msTickCount                          bssCOMRAM    00002C
_USBActiveConfiguration                   bssCOMRAM    000055
_USBAlternateInterface                    bssCOMRAM    000052
_USBBusIsSuspended                        bssBANK0     00008B
_USBCheckCDCRequest                       text36       0019CC
_USBCheckStdRequest                       text29       001724
_USBConfigureEndpoint                     text41       001F74
_USBCtrlEPAllowDataStage                  text28       001E40
_USBCtrlEPAllowStatusStage                text44       001B60
_USBCtrlEPService                         text24       001EDE
_USBCtrlEPServiceComplete                 text27       001630
_USBCtrlTrfInHandler                      text45       00153A
_USBCtrlTrfOutHandler                     text42       00222C
_USBCtrlTrfRxService                      text43       000E22
_USBCtrlTrfSetupHandler                   text26       001D9A
_USBCtrlTrfTxService                      text46       0018F8
_USBDeferINDataStagePackets               bssCOMRAM    000042
_USBDeferOUTDataStagePackets              bssCOMRAM    000041
_USBDeferStatusStagePacket                bssCOMRAM    000045
_USBDeviceAttach                          text6        002508
_USBDeviceInit                            text4        000B6C
_USBDeviceState                           bssCOMRAM    000051
_USBDeviceTasks                           text18       00130A
_USBEnableEndpoint                        text40       0023FA
_USBIncrement1msInternalTimers            text23       002594
_USBStallHandler                          text22       0023B8
_USBStatusStageEnabledFlag1               bssCOMRAM    000044
_USBStatusStageEnabledFlag2               bssCOMRAM    000043
_USBStatusStageTimeoutCounter             bssCOMRAM    000046
_USBStdFeatureReqHandler                  text34       0008CC
_USBStdGetDscHandler                      text33       000F62
_USBStdGetStatusHandler                   text32       001CE0
_USBStdSetCfgHandler                      text30       001816
_USBSuspend                               text21       002538
_USBTicksSinceSuspendEnd                  bssBANK0     00008A
_USBTransferOnePacket                     text15       0011D6
_USBWakeFromSuspend                       text20       00246C
_USB_CD_Ptr                               smallconst   000807
_USB_Out_Buffer                           bssBANK1     000140
_USB_SD_Ptr                               smallconst   000801
_USER_USB_CALLBACK_EVENT_HANDLER          text35       0021D0
_USTAT                                    (abs)        000F6C
_USTATcopy                                bssCOMRAM    000054
__CFG_BOR$ON                              (abs)        000000
__CFG_BORV$3                              (abs)        000000
__CFG_CCP2MX$ON                           (abs)        000000
__CFG_CP0$OFF                             (abs)        000000
__CFG_CP1$OFF                             (abs)        000000
__CFG_CP2$OFF                             (abs)        000000
__CFG_CP3$OFF                             (abs)        000000
__CFG_CPB$OFF                             (abs)        000000
__CFG_CPD$OFF                             (abs)        000000
__CFG_CPUDIV$OSC3_PLL4                    (abs)        000000
__CFG_EBTR0$OFF                           (abs)        000000
__CFG_EBTR1$OFF                           (abs)        000000
__CFG_EBTR2$OFF                           (abs)        000000
__CFG_EBTR3$OFF                           (abs)        000000
__CFG_EBTRB$OFF                           (abs)        000000
__CFG_FCMEN$OFF                           (abs)        000000
__CFG_FOSC$INTOSC_HS                      (abs)        000000
__CFG_IESO$OFF                            (abs)        000000
__CFG_LPT1OSC$OFF                         (abs)        000000
__CFG_LVP$OFF                             (abs)        000000
__CFG_MCLRE$ON                            (abs)        000000
__CFG_PBADEN$OFF                          (abs)        000000
__CFG_PLLDIV$5                            (abs)        000000
__CFG_PWRT$OFF                            (abs)        000000
__CFG_STVREN$ON                           (abs)        000000
__CFG_USBDIV$2                            (abs)        000000
__CFG_VREGEN$ON                           (abs)        000000
__CFG_WDT$OFF                             (abs)        000000
__CFG_WDTPS$32768                         (abs)        000000
__CFG_WRT0$OFF                            (abs)        000000
__CFG_WRT1$OFF                            (abs)        000000
__CFG_WRT2$OFF                            (abs)        000000
__CFG_WRT3$OFF                            (abs)        000000
__CFG_WRTB$OFF                            (abs)        000000
__CFG_WRTC$OFF                            (abs)        000000
__CFG_WRTD$OFF                            (abs)        000000
__CFG_XINST$OFF                           (abs)        000000
__HRAM                                    (abs)        000000
__Habs1                                   abs1         000000
__Hbank0                                  bank0        000000
__Hbank1                                  bank1        000000
__Hbank2                                  bank2        000000
__Hbank3                                  bank3        000000
__Hbank4                                  bank4        000000
__Hbank5                                  bank5        000000
__Hbank6                                  bank6        000000
__Hbank7                                  bank7        000000
__Hbigbss                                 bigbss       000000
__Hbigdata                                bigdata      000000
__Hbigram                                 bigram       000000
__Hbss                                    bss          000000
__HbssBANK0                               bssBANK0     000000
__HbssBANK1                               bssBANK1     000000
__HbssCOMRAM                              bssCOMRAM    000000
__Hcinit                                  cinit        000000
__Hclrtext                                clrtext      000000
__Hcomram                                 comram       000000
__Hconfig                                 config       30000E
__Hconst                                  const        000000
__HcstackBANK0                            cstackBANK0  000000
__HcstackCOMRAM                           cstackCOMRAM 000000
__Hdata                                   data         000000
__HdataCOMRAM                             dataCOMRAM   000000
__Heeprom_data                            eeprom_data  000000
__Hfarbss                                 farbss       000000
__Hfardata                                fardata      000000
__Hibigdata                               ibigdata     000000
__Hidata                                  idata        000000
__HidataCOMRAM                            idataCOMRAM  000000
__Hidloc                                  idloc        200008
__Hifardata                               ifardata     000000
__Hinit                                   init         0000AA
__Hintcode                                intcode      00000E
__Hintcode_body                           intcode_body 000000
__Hintcodelo                              intcodelo    0000A6
__Hintentry                               intentry     000000
__Hintret                                 intret       000000
__Hintsave_regs                           intsave_regs 000000
__Hirdata                                 irdata       000000
__Hmediumconst                            mediumconst  000000
__HnvFARRAM                               nvFARRAM     000000
__Hnvbit                                  nvbit        000000
__Hnvrram                                 nvrram       000000
__Hparam                                  rparam       000000
__Hpowerup                                powerup      0000A6
__Hram                                    ram          000000
__Hramtop                                 ramtop       000800
__Hrbit                                   rbit         000000
__Hrbss                                   rbss         000000
__Hrdata                                  rdata        000000
__Hreset_vec                              reset_vec    000004
__Hrparam                                 rparam       000000
__Hsfr                                    sfr          000000
__Hsmallconst                             smallconst   0008CC
__Hspace_0                                (abs)        30000E
__Hspace_1                                (abs)        000180
__Hspace_2                                (abs)        000000
__Hstack                                  stack        000000
__Hstruct                                 struct       000000
__Htemp                                   temp         000059
__Htext                                   text         000000
__Htext0                                  text0        000000
__Htext1                                  text1        000000
__Htext10                                 text10       000000
__Htext11                                 text11       000000
__Htext12                                 text12       000000
__Htext13                                 text13       000000
__Htext14                                 text14       000000
__Htext15                                 text15       000000
__Htext18                                 text18       000000
__Htext19                                 text19       000000
__Htext2                                  text2        000000
__Htext20                                 text20       000000
__Htext21                                 text21       000000
__Htext22                                 text22       000000
__Htext23                                 text23       000000
__Htext24                                 text24       000000
__Htext25                                 text25       000000
__Htext26                                 text26       000000
__Htext27                                 text27       000000
__Htext28                                 text28       000000
__Htext29                                 text29       000000
__Htext3                                  text3        000000
__Htext30                                 text30       000000
__Htext31                                 text31       000000
__Htext32                                 text32       000000
__Htext33                                 text33       000000
__Htext34                                 text34       000000
__Htext35                                 text35       000000
__Htext36                                 text36       000000
__Htext37                                 text37       000000
__Htext38                                 text38       000000
__Htext39                                 text39       000000
__Htext4                                  text4        000000
__Htext40                                 text40       000000
__Htext41                                 text41       000000
__Htext42                                 text42       000000
__Htext43                                 text43       000000
__Htext44                                 text44       000000
__Htext45                                 text45       000000
__Htext46                                 text46       000000
__Htext47                                 text47       000000
__Htext48                                 text48       000000
__Htext49                                 text49       000000
__Htext5                                  text5        000000
__Htext50                                 text50       000000
__Htext6                                  text6        000000
__Htext7                                  text7        000000
__Htext8                                  text8        000000
__Htext9                                  text9        000000
__LRAM                                    (abs)        000001
__Labs1                                   abs1         000000
__Lbank0                                  bank0        000000
__Lbank1                                  bank1        000000
__Lbank2                                  bank2        000000
__Lbank3                                  bank3        000000
__Lbank4                                  bank4        000000
__Lbank5                                  bank5        000000
__Lbank6                                  bank6        000000
__Lbank7                                  bank7        000000
__Lbigbss                                 bigbss       000000
__Lbigdata                                bigdata      000000
__Lbigram                                 bigram       000000
__Lbss                                    bss          000000
__LbssBANK0                               bssBANK0     000000
__LbssBANK1                               bssBANK1     000000
__LbssCOMRAM                              bssCOMRAM    000000
__Lcinit                                  cinit        000000
__Lclrtext                                clrtext      000000
__Lcomram                                 comram       000000
__Lconfig                                 config       300000
__Lconst                                  const        000000
__LcstackBANK0                            cstackBANK0  000000
__LcstackCOMRAM                           cstackCOMRAM 000000
__Ldata                                   data         000000
__LdataCOMRAM                             dataCOMRAM   000000
__Leeprom_data                            eeprom_data  000000
__Lfarbss                                 farbss       000000
__Lfardata                                fardata      000000
__Libigdata                               ibigdata     000000
__Lidata                                  idata        000000
__LidataCOMRAM                            idataCOMRAM  000000
__Lidloc                                  idloc        200000
__Lifardata                               ifardata     000000
__Linit                                   init         0000A6
__Lintcode                                intcode      000008
__Lintcode_body                           intcode_body 000000
__Lintcodelo                              intcodelo    000018
__Lintentry                               intentry     000000
__Lintret                                 intret       000000
__Lintsave_regs                           intsave_regs 000000
__Lirdata                                 irdata       000000
__Lmediumconst                            mediumconst  000000
__LnvFARRAM                               nvFARRAM     000000
__Lnvbit                                  nvbit        000000
__Lnvrram                                 nvrram       000000
__Lparam                                  rparam       000000
__Lpowerup                                powerup      0000A6
__Lram                                    ram          000000
__Lramtop                                 ramtop       000800
__Lrbit                                   rbit         000000
__Lrbss                                   rbss         000000
__Lrdata                                  rdata        000000
__Lreset_vec                              reset_vec    000000
__Lrparam                                 rparam       000000
__Lsfr                                    sfr          000000
__Lsmallconst                             smallconst   000800
__Lspace_0                                (abs)        000000
__Lspace_1                                (abs)        000000
__Lspace_2                                (abs)        000000
__Lstack                                  stack        000000
__Lstruct                                 struct       000000
__Ltemp                                   temp         000058
__Ltext                                   text         000000
__Ltext0                                  text0        000000
__Ltext1                                  text1        000000
__Ltext10                                 text10       000000
__Ltext11                                 text11       000000
__Ltext12                                 text12       000000
__Ltext13                                 text13       000000
__Ltext14                                 text14       000000
__Ltext15                                 text15       000000
__Ltext18                                 text18       000000
__Ltext19                                 text19       000000
__Ltext2                                  text2        000000
__Ltext20                                 text20       000000
__Ltext21                                 text21       000000
__Ltext22                                 text22       000000
__Ltext23                                 text23       000000
__Ltext24                                 text24       000000
__Ltext25                                 text25       000000
__Ltext26                                 text26       000000
__Ltext27                                 text27       000000
__Ltext28                                 text28       000000
__Ltext29                                 text29       000000
__Ltext3                                  text3        000000
__Ltext30                                 text30       000000
__Ltext31                                 text31       000000
__Ltext32                                 text32       000000
__Ltext33                                 text33       000000
__Ltext34                                 text34       000000
__Ltext35                                 text35       000000
__Ltext36                                 text36       000000
__Ltext37                                 text37       000000
__Ltext38                                 text38       000000
__Ltext39                                 text39       000000
__Ltext4                                  text4        000000
__Ltext40                                 text40       000000
__Ltext41                                 text41       000000
__Ltext42                                 text42       000000
__Ltext43                                 text43       000000
__Ltext44                                 text44       000000
__Ltext45                                 text45       000000
__Ltext46                                 text46       000000
__Ltext47                                 text47       000000
__Ltext48                                 text48       000000
__Ltext49                                 text49       000000
__Ltext5                                  text5        000000
__Ltext50                                 text50       000000
__Ltext6                                  text6        000000
__Ltext7                                  text7        000000
__Ltext8                                  text8        000000
__Ltext9                                  text9        000000
__S0                                      (abs)        30000E
__S1                                      (abs)        000180
__S2                                      (abs)        000000
___inthi_sp                               stack        000000
___intlo_sp                               stack        000000
___lldiv                                  text48       002008
___lldiv@counter                          cstackCOMRAM 00000D
___lldiv@dividend                         cstackCOMRAM 000001
___lldiv@divisor                          cstackCOMRAM 000005
___lldiv@quotient                         cstackCOMRAM 000009
___param_bank                             (abs)        000000
___rparam_used                            (abs)        000001
___sp                                     stack        000000
__accesstop                               (abs)        000060
__activetblptr                            (abs)        000002
__end_of_APP_DeviceCDCEmulatorInitialize  text37       0021D0
__end_of_APP_DeviceCDCEmulatorTasks       text9        001B60
__end_of_CDCInitEP                        text38       00216E
__end_of_CDCTxService                     text14       0011D6
__end_of_CDC_Routine                      text8        002630
__end_of_SYSTEM_Initialize                text7        00246C
__end_of_SYS_InterruptHigh                intcode_body 002104
__end_of_SYS_InterruptLow                 intcodelo    0000A6
__end_of_USART_Initialize                 text49       00261E
__end_of_USART_getcUSART                  text13       0025F2
__end_of_USART_mySetLineCodingHandler     text47       0022E2
__end_of_USART_putcUSART                  text12       00263A
__end_of_USBCheckCDCRequest               text36       001A9C
__end_of_USBCheckStdRequest               text29       001816
__end_of_USBConfigureEndpoint             text41       002008
__end_of_USBCtrlEPAllowDataStage          text28       001EDE
__end_of_USBCtrlEPAllowStatusStage        text44       001C24
__end_of_USBCtrlEPService                 text24       001F74
__end_of_USBCtrlEPServiceComplete         text27       001724
__end_of_USBCtrlTrfInHandler              text45       001630
__end_of_USBCtrlTrfOutHandler             text42       002288
__end_of_USBCtrlTrfRxService              text43       000F62
__end_of_USBCtrlTrfSetupHandler           text26       001E40
__end_of_USBCtrlTrfTxService              text46       0019CC
__end_of_USBDeviceAttach                  text6        002538
__end_of_USBDeviceInit                    text4        000CD6
__end_of_USBDeviceTasks                   text18       001438
__end_of_USBEnableEndpoint                text40       002436
__end_of_USBIncrement1msInternalTimers    text23       0025BA
__end_of_USBStallHandler                  text22       0023FA
__end_of_USBStdFeatureReqHandler          text34       000B6C
__end_of_USBStdGetDscHandler              text33       00109E
__end_of_USBStdGetStatusHandler           text32       001D9A
__end_of_USBStdSetCfgHandler              text30       0018F8
__end_of_USBSuspend                       text21       002568
__end_of_USBTransferOnePacket             text15       00130A
__end_of_USBWakeFromSuspend               text20       0024A2
__end_of_USB_CD_Ptr                       smallconst   000809
__end_of_USB_SD_Ptr                       smallconst   000807
__end_of_USER_USB_CALLBACK_EVENT_HANDLER  text35       00222C
__end_of___lldiv                          text48       00208A
__end_of__initialization                  cinit        00231E
__end_of_bootComPort                      text3        002608
__end_of_bootUserCode                     text2        00263E
__end_of_configDescriptor1                smallconst   00084C
__end_of_device_dsc                       smallconst   0008C6
__end_of_getsUSBUSART                     text11       001CE0
__end_of_machineConfig                    text1        002508
__end_of_main                             text0        002374
__end_of_memcpy                           text25       0023B8
__end_of_memset                           text5        0024D6
__end_of_putUSBUSART                      text10       0025DA
__end_of_sd000                            smallconst   0008CA
__end_of_sd001                            smallconst   0008B4
__end_of_sd002                            smallconst   000880
__end_ofi2_USBDeviceInit                  text19       000E22
__end_ofi2_USBTransferOnePacket           text39       00153A
__end_ofi2_memset                         text31       002594
__initialization                          cinit        0022E2
__mediumconst                             mediumconst  000000
__pbssBANK0                               bssBANK0     000060
__pbssBANK1                               bssBANK1     000100
__pbssCOMRAM                              bssCOMRAM    00002C
__pcinit                                  cinit        0022E2
__pcstackBANK0                            cstackBANK0  0000C1
__pcstackCOMRAM                           cstackCOMRAM 000001
__pdataCOMRAM                             dataCOMRAM   000056
__pidataCOMRAM                            idataCOMRAM  00263A
__pintcode                                intcode      000008
__pintcode_body                           intcode_body 00208A
__pintcodelo                              intcodelo    000018
__psmallconst                             smallconst   000800
__ptext0                                  text0        00232C
__ptext1                                  text1        0024D6
__ptext10                                 text10       0025BA
__ptext11                                 text11       001C24
__ptext12                                 text12       002630
__ptext13                                 text13       0025DA
__ptext14                                 text14       00109E
__ptext15                                 text15       0011D6
__ptext18                                 text18       00130A
__ptext19                                 text19       000CD6
__ptext2                                  text2        00263C
__ptext20                                 text20       00246C
__ptext21                                 text21       002538
__ptext22                                 text22       0023B8
__ptext23                                 text23       002594
__ptext24                                 text24       001EDE
__ptext25                                 text25       002374
__ptext26                                 text26       001D9A
__ptext27                                 text27       001630
__ptext28                                 text28       001E40
__ptext29                                 text29       001724
__ptext3                                  text3        0025F2
__ptext30                                 text30       001816
__ptext31                                 text31       002568
__ptext32                                 text32       001CE0
__ptext33                                 text33       000F62
__ptext34                                 text34       0008CC
__ptext35                                 text35       0021D0
__ptext36                                 text36       0019CC
__ptext37                                 text37       00216E
__ptext38                                 text38       002104
__ptext39                                 text39       001438
__ptext4                                  text4        000B6C
__ptext40                                 text40       0023FA
__ptext41                                 text41       001F74
__ptext42                                 text42       00222C
__ptext43                                 text43       000E22
__ptext44                                 text44       001B60
__ptext45                                 text45       00153A
__ptext46                                 text46       0018F8
__ptext47                                 text47       002288
__ptext48                                 text48       002008
__ptext49                                 text49       002608
__ptext5                                  text5        0024A2
__ptext50                                 text50       000000
__ptext6                                  text6        002508
__ptext7                                  text7        002436
__ptext8                                  text8        00261E
__ptext9                                  text9        001A9C
__ramtop                                  ramtop       000800
__size_of_APP_DeviceCDCEmulatorInitialize (abs)        000000
__size_of_APP_DeviceCDCEmulatorTasks      (abs)        000000
__size_of_CDCInitEP                       (abs)        000000
__size_of_CDCTxService                    (abs)        000000
__size_of_CDC_Routine                     (abs)        000000
__size_of_SYSTEM_Initialize               (abs)        000000
__size_of_SYS_InterruptHigh               (abs)        000000
__size_of_SYS_InterruptLow                (abs)        000000
__size_of_USART_Initialize                (abs)        000000
__size_of_USART_getcUSART                 (abs)        000000
__size_of_USART_mySetLineCodingHandler    (abs)        000000
__size_of_USART_putcUSART                 (abs)        000000
__size_of_USBCheckCDCRequest              (abs)        000000
__size_of_USBCheckStdRequest              (abs)        000000
__size_of_USBConfigureEndpoint            (abs)        000000
__size_of_USBCtrlEPAllowDataStage         (abs)        000000
__size_of_USBCtrlEPAllowStatusStage       (abs)        000000
__size_of_USBCtrlEPService                (abs)        000000
__size_of_USBCtrlEPServiceComplete        (abs)        000000
__size_of_USBCtrlTrfInHandler             (abs)        000000
__size_of_USBCtrlTrfOutHandler            (abs)        000000
__size_of_USBCtrlTrfRxService             (abs)        000000
__size_of_USBCtrlTrfSetupHandler          (abs)        000000
__size_of_USBCtrlTrfTxService             (abs)        000000
__size_of_USBDeviceAttach                 (abs)        000000
__size_of_USBDeviceInit                   (abs)        000000
__size_of_USBDeviceTasks                  (abs)        000000
__size_of_USBEnableEndpoint               (abs)        000000
__size_of_USBIncrement1msInternalTimers   (abs)        000000
__size_of_USBStallHandler                 (abs)        000000
__size_of_USBStdFeatureReqHandler         (abs)        000000
__size_of_USBStdGetDscHandler             (abs)        000000
__size_of_USBStdGetStatusHandler          (abs)        000000
__size_of_USBStdSetCfgHandler             (abs)        000000
__size_of_USBSuspend                      (abs)        000000
__size_of_USBTransferOnePacket            (abs)        000000
__size_of_USBWakeFromSuspend              (abs)        000000
__size_of_USER_USB_CALLBACK_EVENT_HANDLER (abs)        000000
__size_of___lldiv                         (abs)        000000
__size_of_bootComPort                     (abs)        000000
__size_of_bootUserCode                    (abs)        000000
__size_of_getsUSBUSART                    (abs)        000000
__size_of_machineConfig                   (abs)        000000
__size_of_main                            (abs)        000000
__size_of_memcpy                          (abs)        000000
__size_of_memset                          (abs)        000000
__size_of_putUSBUSART                     (abs)        000000
__size_ofi2_USBDeviceInit                 (abs)        000000
__size_ofi2_USBTransferOnePacket          (abs)        000000
__size_ofi2_memset                        (abs)        000000
__smallconst                              smallconst   000800
_arr_dataRX                               bssBANK0     00008C
_bootComPort                              text3        0025F2
_bootUserCode                             text2        00263C
_cdc_data_rx                              (abs)        000540
_cdc_data_tx                              (abs)        000500
_cdc_mem_type                             bssCOMRAM    00003F
_cdc_notice                               bssBANK0     0000A8
_cdc_rx_len                               bssBANK0     000089
_cdc_trf_state                            bssCOMRAM    000050
_cdc_tx_len                               bssCOMRAM    000040
_configDescriptor1                        smallconst   000809
_controlTransferState                     bssCOMRAM    00004A
_control_signal_bitmap                    bssCOMRAM    00003E
_device_dsc                               smallconst   0008B4
_dummy_encapsulated_cmd_response          bssBANK0     0000B2
_endpoint_number                          bssCOMRAM    000048
_ep_data_in                               bssBANK0     000084
_ep_data_out                              bssBANK0     000081
_getsUSBUSART                             text11       001C24
_inPipes                                  bssBANK0     000068
_lastTransmission                         bssCOMRAM    00003B
_line_coding                              bssBANK0     0000BA
_machineConfig                            text1        0024D6
_main                                     text0        00232C
_memcpy                                   text25       002374
_memset                                   text5        0024A2
_outPipes                                 bssBANK0     000060
_pBDTEntryEP0OutCurrent                   bssCOMRAM    000039
_pBDTEntryEP0OutNext                      bssCOMRAM    000037
_pBDTEntryIn                              bssBANK0     00006E
_pBDTEntryOut                             bssBANK0     000074
_pCDCDst                                  bssBANK0     00007E
_pCDCSrc                                  bssCOMRAM    000030
_pDst                                     bssCOMRAM    000035
_putUSBUSART                              text10       0025BA
_sd000                                    smallconst   0008C6
_sd001                                    smallconst   000880
_sd002                                    smallconst   00084C
_shortPacketStatus                        bssCOMRAM    00004B
_uart                                     bssBANK0     00009C
btemp                                     temp         000058
end_of_initialization                     cinit        00231E
getsUSBUSART@buffer                       cstackBANK0  0000DD
getsUSBUSART@len                          cstackBANK0  0000DF
i2USBDeviceInit@i                         cstackCOMRAM 000009
i2USBTransferOnePacket@data               cstackCOMRAM 000002
i2USBTransferOnePacket@dir                cstackCOMRAM 000001
i2USBTransferOnePacket@ep                 cstackCOMRAM 000009
i2USBTransferOnePacket@handle             cstackCOMRAM 00000A
i2USBTransferOnePacket@len                cstackCOMRAM 000004
i2_USBDeviceInit                          text19       000CD6
i2_USBTransferOnePacket                   text39       001438
i2_memset                                 text31       002568
i2memset@c                                cstackCOMRAM 000003
i2memset@n                                cstackCOMRAM 000005
i2memset@p                                cstackCOMRAM 000007
i2memset@p1                               cstackCOMRAM 000001
int$flags                                 temp         000058
int_func                                  intcode_body 00208A
intlevel0                                 text         000000
intlevel1                                 text         000000
intlevel2                                 text         000000
intlevel3                                 text         000000
main@boot                                 cstackBANK0  0000E2
memcpy@d                                  cstackCOMRAM 000007
memcpy@d1                                 cstackCOMRAM 000001
memcpy@n                                  cstackCOMRAM 000005
memcpy@s                                  cstackCOMRAM 000009
memcpy@s1                                 cstackCOMRAM 000003
memcpy@tmp                                cstackCOMRAM 00000B
memset@c                                  cstackBANK0  0000D4
memset@n                                  cstackBANK0  0000D6
memset@p                                  cstackBANK0  0000D8
memset@p1                                 cstackBANK0  0000D2
putUSBUSART@data                          cstackBANK0  0000D2
putUSBUSART@length                        cstackBANK0  0000D4
stackhi                                   (abs)        0003FF
stacklo                                   (abs)        000180
start                                     init         0000A6
start_initialization                      cinit        0022E2


FUNCTION INFORMATION:

 *************** function _main *****************
 Defined at:
		line 26 in file "main.c"
 Parameters:    Size  Location     Type
		None
 Auto vars:     Size  Location     Type
  boot            1   33[BANK0 ] char 
 Return value:  Size  Location     Type
                  1    wreg      void 
 Registers used:
		wreg, fsr1l, fsr1h, fsr2l, fsr2h, status,2, status,0, prodl, prodh, cstack
 Tracked objects:
		On entry : 
		On exit  : 
		Unchanged: 
 Data sizes:     COMRAM   BANK0   BANK1   BANK2   BANK3   BANK4   BANK5   BANK6   BANK7
      Params:         0       0       0       0       0       0       0       0       0
      Locals:         0       1       0       0       0       0       0       0       0
      Temps:          0       1       0       0       0       0       0       0       0
      Totals:         0       2       0       0       0       0       0       0       0
Total ram usage:        2 bytes
 Hardware stack levels required when called:   17
 This function calls:
		_bootComPort
		_bootUserCode
		_machineConfig
 This function is called by:
		Startup code after reset
 This function uses a non-reentrant model


 *************** function _machineConfig *****************
 Defined at:
		line 3 in file "../../../src/PIC18F2550/machineConfig.c"
 Parameters:    Size  Location     Type
		None
 Auto vars:     Size  Location     Type
		None
 Return value:  Size  Location     Type
                  1    wreg      void 
 Registers used:
		wreg, status,2
 Tracked objects:
		On entry : 
		On exit  : 
		Unchanged: 
 Data sizes:     COMRAM   BANK0   BANK1   BANK2   BANK3   BANK4   BANK5   BANK6   BANK7
      Params:         0       0       0       0       0       0       0       0       0
      Locals:         0       0       0       0       0       0       0       0       0
      Temps:          0       0       0       0       0       0       0       0       0
      Totals:         0       0       0       0       0       0       0       0       0
Total ram usage:        0 bytes
 Hardware stack levels used:    1
 Hardware stack levels required when called:   12
 This function calls:
		Nothing
 This function is called by:
		_main
 This function uses a non-reentrant model


 *************** function _bootUserCode *****************
 Defined at:
		line 77 in file "main.c"
 Parameters:    Size  Location     Type
		None
 Auto vars:     Size  Location     Type
		None
 Return value:  Size  Location     Type
                  1    wreg      void 
 Registers used:
		None
 Tracked objects:
		On entry : 
		On exit  : 
		Unchanged: 
 Data sizes:     COMRAM   BANK0   BANK1   BANK2   BANK3   BANK4   BANK5   BANK6   BANK7
      Params:         0       0       0       0       0       0       0       0       0
      Locals:         0       0       0       0       0       0       0       0       0
      Temps:          0       0       0       0       0       0       0       0       0
      Totals:         0       0       0       0       0       0       0       0       0
Total ram usage:        0 bytes
 Hardware stack levels used:    1
 Hardware stack levels required when called:   12
 This function calls:
		Nothing
 This function is called by:
		_main
 This function uses a non-reentrant model


 *************** function _bootComPort *****************
 Defined at:
		line 54 in file "main.c"
 Parameters:    Size  Location     Type
		None
 Auto vars:     Size  Location     Type
		None
 Return value:  Size  Location     Type
                  1    wreg      void 
 Registers used:
		wreg, fsr1l, fsr1h, fsr2l, fsr2h, status,2, status,0, prodl, prodh, cstack
 Tracked objects:
		On entry : 
		On exit  : 
		Unchanged: 
 Data sizes:     COMRAM   BANK0   BANK1   BANK2   BANK3   BANK4   BANK5   BANK6   BANK7
      Params:         0       0       0       0       0       0       0       0       0
      Locals:         0       0       0       0       0       0       0       0       0
      Temps:          0       0       0       0       0       0       0       0       0
      Totals:         0       0       0       0       0       0       0       0       0
Total ram usage:        0 bytes
 Hardware stack levels used:    1
 Hardware stack levels required when called:   16
 This function calls:
		_CDC_Routine
		_SYSTEM_Initialize
		_USBDeviceAttach
		_USBDeviceInit
 This function is called by:
		_main
 This function uses a non-reentrant model


 *************** function _USBDeviceInit *****************
 Defined at:
		line 277 in file "../USBConverter/mla/v2017_03_06/framework/usb/src/usb_device.c"
 Parameters:    Size  Location     Type
		None
 Auto vars:     Size  Location     Type
  i               1   25[BANK0 ] unsigned char 
 Return value:  Size  Location     Type
                  1    wreg      void 
 Registers used:
		wreg, fsr2l, fsr2h, status,2, status,0, prodl, prodh, cstack
 Tracked objects:
		On entry : 
		On exit  : 
		Unchanged: 
 Data sizes:     COMRAM   BANK0   BANK1   BANK2   BANK3   BANK4   BANK5   BANK6   BANK7
      Params:         0       0       0       0       0       0       0       0       0
      Locals:         0       1       0       0       0       0       0       0       0
      Temps:          0       0       0       0       0       0       0       0       0
      Totals:         0       1       0       0       0       0       0       0       0
Total ram usage:        1 bytes
 Hardware stack levels used:    1
 Hardware stack levels required when called:   13
 This function calls:
		_memset
 This function is called by:
		_bootComPort
 This function uses a non-reentrant model


 *************** function _memset *****************
 Defined at:
		line 8 in file "D:\Program Files (x86)\Microchip\xc8\v1.42\sources\common\memset.c"
 Parameters:    Size  Location     Type
  p1              2   17[BANK0 ] PTR void 
		 -> USBAlternateInterface(2), BDT(48), UEP1(1), 
  c               2   19[BANK0 ] int 
  n               2   21[BANK0 ] unsigned int 
 Auto vars:     Size  Location     Type
  p               2   23[BANK0 ] PTR unsigned char 
		 -> USBAlternateInterface(2), BDT(48), UEP1(1), 
 Return value:  Size  Location     Type
                  2   17[BANK0 ] PTR void 
 Registers used:
		wreg, fsr2l, fsr2h, status,2, status,0
 Tracked objects:
		On entry : 
		On exit  : 
		Unchanged: 
 Data sizes:     COMRAM   BANK0   BANK1   BANK2   BANK3   BANK4   BANK5   BANK6   BANK7
      Params:         0       6       0       0       0       0       0       0       0
      Locals:         0       2       0       0       0       0       0       0       0
      Temps:          0       0       0       0       0       0       0       0       0
      Totals:         0       8       0       0       0       0       0       0       0
Total ram usage:        8 bytes
 Hardware stack levels used:    1
 Hardware stack levels required when called:   12
 This function calls:
		Nothing
 This function is called by:
		_USBDeviceInit
 This function uses a non-reentrant model


 *************** function _USBDeviceAttach *****************
 Defined at:
		line 1352 in file "../USBConverter/mla/v2017_03_06/framework/usb/src/usb_device.c"
 Parameters:    Size  Location     Type
		None
 Auto vars:     Size  Location     Type
		None
 Return value:  Size  Location     Type
                  1    wreg      void 
 Registers used:
		wreg, status,2
 Tracked objects:
		On entry : 
		On exit  : 
		Unchanged: 
 Data sizes:     COMRAM   BANK0   BANK1   BANK2   BANK3   BANK4   BANK5   BANK6   BANK7
      Params:         0       0       0       0       0       0       0       0       0
      Locals:         0       0       0       0       0       0       0       0       0
      Temps:          0       0       0       0       0       0       0       0       0
      Totals:         0       0       0       0       0       0       0       0       0
Total ram usage:        0 bytes
 Hardware stack levels used:    1
 Hardware stack levels required when called:   12
 This function calls:
		Nothing
 This function is called by:
		_bootComPort
 This function uses a non-reentrant model


 *************** function _SYSTEM_Initialize *****************
 Defined at:
		line 35 in file "../USBConverter/LPC_FSUSB-CDC-X/system.c"
 Parameters:    Size  Location     Type
  state           1    wreg     enum E3323
 Auto vars:     Size  Location     Type
  state           1   17[BANK0 ] enum E3323
 Return value:  Size  Location     Type
                  1    wreg      void 
 Registers used:
		wreg, status,2, status,0
 Tracked objects:
		On entry : 
		On exit  : 
		Unchanged: 
 Data sizes:     COMRAM   BANK0   BANK1   BANK2   BANK3   BANK4   BANK5   BANK6   BANK7
      Params:         0       0       0       0       0       0       0       0       0
      Locals:         0       1       0       0       0       0       0       0       0
      Temps:          0       0       0       0       0       0       0       0       0
      Totals:         0       1       0       0       0       0       0       0       0
Total ram usage:        1 bytes
 Hardware stack levels used:    1
 Hardware stack levels required when called:   12
 This function calls:
		Nothing
 This function is called by:
		_bootComPort
 This function uses a non-reentrant model


 *************** function _CDC_Routine *****************
 Defined at:
		line 50 in file "../USBConverter/LPC_FSUSB-CDC-X/main_cdc.c"
 Parameters:    Size  Location     Type
		None
 Auto vars:     Size  Location     Type
		None
 Return value:  Size  Location     Type
                  1    wreg      void 
 Registers used:
		wreg, fsr1l, fsr1h, fsr2l, fsr2h, status,2, status,0, prodl, prodh, cstack
 Tracked objects:
		On entry : 
		On exit  : 
		Unchanged: 
 Data sizes:     COMRAM   BANK0   BANK1   BANK2   BANK3   BANK4   BANK5   BANK6   BANK7
      Params:         0       0       0       0       0       0       0       0       0
      Locals:         0       0       0       0       0       0       0       0       0
      Temps:          0       0       0       0       0       0       0       0       0
      Totals:         0       0       0       0       0       0       0       0       0
Total ram usage:        0 bytes
 Hardware stack levels used:    1
 Hardware stack levels required when called:   15
 This function calls:
		_APP_DeviceCDCEmulatorTasks
 This function is called by:
		_bootComPort
 This function uses a non-reentrant model


 *************** function _APP_DeviceCDCEmulatorTasks *****************
 Defined at:
		line 102 in file "../USBConverter/mla/v2017_03_06/framework/usb/src/app_device_cdc_to_uart.c"
 Parameters:    Size  Location     Type
		None
 Auto vars:     Size  Location     Type
		None
 Return value:  Size  Location     Type
                  1    wreg      void 
 Registers used:
		wreg, fsr1l, fsr1h, fsr2l, fsr2h, status,2, status,0, prodl, prodh, cstack
 Tracked objects:
		On entry : 
		On exit  : 
		Unchanged: 
 Data sizes:     COMRAM   BANK0   BANK1   BANK2   BANK3   BANK4   BANK5   BANK6   BANK7
      Params:         0       0       0       0       0       0       0       0       0
      Locals:         0       0       0       0       0       0       0       0       0
      Temps:          0       0       0       0       0       0       0       0       0
      Totals:         0       0       0       0       0       0       0       0       0
Total ram usage:        0 bytes
 Hardware stack levels used:    1
 Hardware stack levels required when called:   14
 This function calls:
		_CDCTxService
		_USART_getcUSART
		_USART_putcUSART
		_getsUSBUSART
		_putUSBUSART
 This function is called by:
		_CDC_Routine
 This function uses a non-reentrant model


 *************** function _putUSBUSART *****************
 Defined at:
		line 531 in file "../USBConverter/mla/v2017_03_06/framework/usb/src/usb_device_cdc.c"
 Parameters:    Size  Location     Type
  data            2   17[BANK0 ] PTR unsigned char 
		 -> USB_Out_Buffer(64), 
  length          1   19[BANK0 ] unsigned char 
 Auto vars:     Size  Location     Type
		None
 Return value:  Size  Location     Type
                  1    wreg      void 
 Registers used:
		wreg, status,2, status,0
 Tracked objects:
		On entry : 
		On exit  : 
		Unchanged: 
 Data sizes:     COMRAM   BANK0   BANK1   BANK2   BANK3   BANK4   BANK5   BANK6   BANK7
      Params:         0       3       0       0       0       0       0       0       0
      Locals:         0       0       0       0       0       0       0       0       0
      Temps:          0       0       0       0       0       0       0       0       0
      Totals:         0       3       0       0       0       0       0       0       0
Total ram usage:        3 bytes
 Hardware stack levels used:    1
 Hardware stack levels required when called:   12
 This function calls:
		Nothing
 This function is called by:
		_APP_DeviceCDCEmulatorTasks
 This function uses a non-reentrant model


 *************** function _getsUSBUSART *****************
 Defined at:
		line 460 in file "../USBConverter/mla/v2017_03_06/framework/usb/src/usb_device_cdc.c"
 Parameters:    Size  Location     Type
  buffer          2   28[BANK0 ] PTR unsigned char 
		 -> RS232_Out_Data(64), 
  len             1   30[BANK0 ] unsigned char 
 Auto vars:     Size  Location     Type
		None
 Return value:  Size  Location     Type
                  1    wreg      unsigned char 
 Registers used:
		wreg, fsr1l, fsr1h, fsr2l, fsr2h, status,2, status,0, prodl, prodh, cstack
 Tracked objects:
		On entry : 
		On exit  : 
		Unchanged: 
 Data sizes:     COMRAM   BANK0   BANK1   BANK2   BANK3   BANK4   BANK5   BANK6   BANK7
      Params:         0       3       0       0       0       0       0       0       0
      Locals:         0       0       0       0       0       0       0       0       0
      Temps:          0       1       0       0       0       0       0       0       0
      Totals:         0       4       0       0       0       0       0       0       0
Total ram usage:        4 bytes
 Hardware stack levels used:    1
 Hardware stack levels required when called:   13
 This function calls:
		_USBTransferOnePacket
 This function is called by:
		_APP_DeviceCDCEmulatorTasks
 This function uses a non-reentrant model


 *************** function _USART_putcUSART *****************
 Defined at:
		line 86 in file "../USBConverter/mla/v2017_03_06/framework/usb/src/usart.c"
 Parameters:    Size  Location     Type
  c               1    wreg     unsigned char 
 Auto vars:     Size  Location     Type
  c               1   17[BANK0 ] unsigned char 
 Return value:  Size  Location     Type
                  1    wreg      void 
 Registers used:
		wreg
 Tracked objects:
		On entry : 
		On exit  : 
		Unchanged: 
 Data sizes:     COMRAM   BANK0   BANK1   BANK2   BANK3   BANK4   BANK5   BANK6   BANK7
      Params:         0       0       0       0       0       0       0       0       0
      Locals:         0       1       0       0       0       0       0       0       0
      Temps:          0       0       0       0       0       0       0       0       0
      Totals:         0       1       0       0       0       0       0       0       0
Total ram usage:        1 bytes
 Hardware stack levels used:    1
 Hardware stack levels required when called:   12
 This function calls:
		Nothing
 This function is called by:
		_APP_DeviceCDCEmulatorTasks
 This function uses a non-reentrant model


 *************** function _USART_getcUSART *****************
 Defined at:
		line 145 in file "../USBConverter/mla/v2017_03_06/framework/usb/src/usart.c"
 Parameters:    Size  Location     Type
		None
 Auto vars:     Size  Location     Type
  c               1   17[BANK0 ] unsigned char 
 Return value:  Size  Location     Type
                  1    wreg      unsigned char 
 Registers used:
		wreg, status,2
 Tracked objects:
		On entry : 
		On exit  : 
		Unchanged: 
 Data sizes:     COMRAM   BANK0   BANK1   BANK2   BANK3   BANK4   BANK5   BANK6   BANK7
      Params:         0       0       0       0       0       0       0       0       0
      Locals:         0       1       0       0       0       0       0       0       0
      Temps:          0       0       0       0       0       0       0       0       0
      Totals:         0       1       0       0       0       0       0       0       0
Total ram usage:        1 bytes
 Hardware stack levels used:    1
 Hardware stack levels required when called:   12
 This function calls:
		Nothing
 This function is called by:
		_APP_DeviceCDCEmulatorTasks
 This function uses a non-reentrant model


 *************** function _CDCTxService *****************
 Defined at:
		line 811 in file "../USBConverter/mla/v2017_03_06/framework/usb/src/usb_device_cdc.c"
 Parameters:    Size  Location     Type
		None
 Auto vars:     Size  Location     Type
  byte_to_send    1   29[BANK0 ] unsigned char 
  i               1   28[BANK0 ] unsigned char 
 Return value:  Size  Location     Type
                  1    wreg      void 
 Registers used:
		wreg, fsr1l, fsr1h, fsr2l, fsr2h, status,2, status,0, prodl, prodh, cstack
 Tracked objects:
		On entry : 
		On exit  : 
		Unchanged: 
 Data sizes:     COMRAM   BANK0   BANK1   BANK2   BANK3   BANK4   BANK5   BANK6   BANK7
      Params:         0       0       0       0       0       0       0       0       0
      Locals:         0       2       0       0       0       0       0       0       0
      Temps:          0       0       0       0       0       0       0       0       0
      Totals:         0       2       0       0       0       0       0       0       0
Total ram usage:        2 bytes
 Hardware stack levels used:    1
 Hardware stack levels required when called:   13
 This function calls:
		_USBTransferOnePacket
 This function is called by:
		_APP_DeviceCDCEmulatorTasks
 This function uses a non-reentrant model


 *************** function _USBTransferOnePacket *****************
 Defined at:
		line 995 in file "../USBConverter/mla/v2017_03_06/framework/usb/src/usb_device.c"
 Parameters:    Size  Location     Type
  ep              1    wreg     unsigned char 
  dir             1   17[BANK0 ] unsigned char 
  data            2   18[BANK0 ] PTR unsigned char 
		 -> cdc_data_tx(64), cdc_data_rx(64), NULL(0), 
  len             1   20[BANK0 ] unsigned char 
 Auto vars:     Size  Location     Type
  ep              1   25[BANK0 ] unsigned char 
  handle          2   26[BANK0 ] PTR volatile struct __BD
		 -> RAM(2047), BDT(48), NULL(0), 
 Return value:  Size  Location     Type
                  2   17[BANK0 ] PTR void 
 Registers used:
		wreg, fsr2l, fsr2h, status,2, status,0, prodl, prodh
 Tracked objects:
		On entry : 
		On exit  : 
		Unchanged: 
 Data sizes:     COMRAM   BANK0   BANK1   BANK2   BANK3   BANK4   BANK5   BANK6   BANK7
      Params:         0       4       0       0       0       0       0       0       0
      Locals:         0       3       0       0       0       0       0       0       0
      Temps:          0       4       0       0       0       0       0       0       0
      Totals:         0      11       0       0       0       0       0       0       0
Total ram usage:       11 bytes
 Hardware stack levels used:    1
 Hardware stack levels required when called:   12
 This function calls:
		Nothing
 This function is called by:
		_getsUSBUSART
		_CDCTxService
		_USBCDCEventHandler
 This function uses a non-reentrant model


 *************** function _SYS_InterruptLow *****************
 Defined at:
		line 15 in file "../USBConverter/LPC_FSUSB-CDC-X/system.c"
 Parameters:    Size  Location     Type
		None
 Auto vars:     Size  Location     Type
		None
 Return value:  Size  Location     Type
                  1    wreg      void 
 Registers used:
		None
 Tracked objects:
		On entry : 
		On exit  : 
		Unchanged: 
 Data sizes:     COMRAM   BANK0   BANK1   BANK2   BANK3   BANK4   BANK5   BANK6   BANK7
      Params:         0       0       0       0       0       0       0       0       0
      Locals:         0       0       0       0       0       0       0       0       0
      Temps:          0      17       0       0       0       0       0       0       0
      Totals:         0      17       0       0       0       0       0       0       0
Total ram usage:       17 bytes
 Hardware stack levels used:    1
 Hardware stack levels required when called:   11
 This function calls:
		Nothing
 This function is called by:
		Interrupt level 1
 This function uses a non-reentrant model


 *************** function _SYS_InterruptHigh *****************
 Defined at:
		line 6 in file "../USBConverter/LPC_FSUSB-CDC-X/system.c"
 Parameters:    Size  Location     Type
		None
 Auto vars:     Size  Location     Type
		None
[...]
Total ram usage:        1 bytes
 Hardware stack levels used:    1
 Hardware stack levels required when called:    3
 This function calls:
		_CDCInitEP
		_USART_Initialize
 This function is called by:
		_USER_USB_CALLBACK_EVENT_HANDLER
 This function uses a non-reentrant model


 *************** function _CDCInitEP *****************
 Defined at:
		line 294 in file "../USBConverter/mla/v2017_03_06/framework/usb/src/usb_device_cdc.c"
 Parameters:    Size  Location     Type
		None
 Auto vars:     Size  Location     Type
		None
 Return value:  Size  Location     Type
                  1    wreg      void 
 Registers used:
		wreg, fsr2l, fsr2h, status,2, status,0, prodl, prodh, cstack
 Tracked objects:
		On entry : 
		On exit  : 
		Unchanged: 
 Data sizes:     COMRAM   BANK0   BANK1   BANK2   BANK3   BANK4   BANK5   BANK6   BANK7
      Params:         0       0       0       0       0       0       0       0       0
      Locals:         0       0       0       0       0       0       0       0       0
      Temps:          0       0       0       0       0       0       0       0       0
      Totals:         0       0       0       0       0       0       0       0       0
Total ram usage:        0 bytes
 Hardware stack levels used:    1
 Hardware stack levels required when called:    2
 This function calls:
		_USBEnableEndpoint
		i2_USBTransferOnePacket
 This function is called by:
		_APP_DeviceCDCEmulatorInitialize
 This function uses a non-reentrant model


 *************** function i2_USBTransferOnePacket *****************
 Defined at:
		line 995 in file "../USBConverter/mla/v2017_03_06/framework/usb/src/usb_device.c"
 Parameters:    Size  Location     Type
  ep              1    wreg     unsigned char 
  dir             1    0[COMRAM] unsigned char 
  data            2    1[COMRAM] PTR unsigned char 
		 -> cdc_data_tx(64), cdc_data_rx(64), NULL(0), 
  len             1    3[COMRAM] unsigned char 
 Auto vars:     Size  Location     Type
  ep              1    8[COMRAM] unsigned char 
  USBTransferO    2    9[COMRAM] PTR volatile struct __BD
		 -> RAM(2047), BDT(48), NULL(0), 
 Return value:  Size  Location     Type
                  2    0[COMRAM] PTR void 
 Registers used:
		wreg, fsr2l, fsr2h, status,2, status,0, prodl, prodh
 Tracked objects:
		On entry : 
		On exit  : 
		Unchanged: 
 Data sizes:     COMRAM   BANK0   BANK1   BANK2   BANK3   BANK4   BANK5   BANK6   BANK7
      Params:         4       0       0       0       0       0       0       0       0
      Locals:         3       0       0       0       0       0       0       0       0
      Temps:          4       0       0       0       0       0       0       0       0
      Totals:        11       0       0       0       0       0       0       0       0
Total ram usage:       11 bytes
 Hardware stack levels used:    1
 This function calls:
		Nothing
 This function is called by:
		_CDCInitEP
 This function uses a non-reentrant model


 *************** function _USBEnableEndpoint *****************
 Defined at:
		line 878 in file "../USBConverter/mla/v2017_03_06/framework/usb/src/usb_device.c"
 Parameters:    Size  Location     Type
  ep              1    wreg     unsigned char 
  options         1    8[COMRAM] unsigned char 
 Auto vars:     Size  Location     Type
  ep              1   11[COMRAM] unsigned char 
  p               2    9[COMRAM] PTR unsigned char 
		 -> UEP0(1), 
 Return value:  Size  Location     Type
                  1    wreg      void 
 Registers used:
		wreg, fsr2l, fsr2h, status,2, status,0, prodl, prodh, cstack
 Tracked objects:
		On entry : 
		On exit  : 
		Unchanged: 
 Data sizes:     COMRAM   BANK0   BANK1   BANK2   BANK3   BANK4   BANK5   BANK6   BANK7
      Params:         1       0       0       0       0       0       0       0       0
      Locals:         3       0       0       0       0       0       0       0       0
      Temps:          0       0       0       0       0       0       0       0       0
      Totals:         4       0       0       0       0       0       0       0       0
Total ram usage:        4 bytes
 Hardware stack levels used:    1
 Hardware stack levels required when called:    1
 This function calls:
		_USBConfigureEndpoint
 This function is called by:
		_CDCInitEP
 This function uses a non-reentrant model


 *************** function _USBConfigureEndpoint *****************
 Defined at:
		line 1543 in file "../USBConverter/mla/v2017_03_06/framework/usb/src/usb_device.c"
 Parameters:    Size  Location     Type
  EPNum           1    wreg     unsigned char 
  direction       1    0[COMRAM] unsigned char 
 Auto vars:     Size  Location     Type
  EPNum           1    5[COMRAM] unsigned char 
  handle          2    6[COMRAM] PTR volatile struct __BD
		 -> BDT(48), 
 Return value:  Size  Location     Type
                  1    wreg      void 
 Registers used:
		wreg, fsr2l, fsr2h, status,2, status,0, prodl, prodh
 Tracked objects:
		On entry : 
		On exit  : 
		Unchanged: 
 Data sizes:     COMRAM   BANK0   BANK1   BANK2   BANK3   BANK4   BANK5   BANK6   BANK7
      Params:         1       0       0       0       0       0       0       0       0
      Locals:         3       0       0       0       0       0       0       0       0
      Temps:          4       0       0       0       0       0       0       0       0
      Totals:         8       0       0       0       0       0       0       0       0
Total ram usage:        8 bytes
 Hardware stack levels used:    1
 This function calls:
		Nothing
 This function is called by:
		_USBEnableEndpoint
 This function uses a non-reentrant model


 *************** function _USBCtrlTrfOutHandler *****************
 Defined at:
		line 2538 in file "../USBConverter/mla/v2017_03_06/framework/usb/src/usb_device.c"
 Parameters:    Size  Location     Type
		None
 Auto vars:     Size  Location     Type
		None
 Return value:  Size  Location     Type
                  1    wreg      void 
 Registers used:
		wreg, fsr1l, fsr1h, fsr2l, fsr2h, status,2, status,0, pclath, tosl, prodl, prodh, cstack
 Tracked objects:
		On entry : 
		On exit  : 
		Unchanged: 
 Data sizes:     COMRAM   BANK0   BANK1   BANK2   BANK3   BANK4   BANK5   BANK6   BANK7
      Params:         0       0       0       0       0       0       0       0       0
      Locals:         0       0       0       0       0       0       0       0       0
      Temps:          0       0       0       0       0       0       0       0       0
      Totals:         0       0       0       0       0       0       0       0       0
Total ram usage:        0 bytes
 Hardware stack levels used:    1
 Hardware stack levels required when called:    3
 This function calls:
		_USBCtrlTrfRxService
 This function is called by:
		_USBCtrlEPService
 This function uses a non-reentrant model


 *************** function _USBCtrlTrfRxService *****************
 Defined at:
		line 1852 in file "../USBConverter/mla/v2017_03_06/framework/usb/src/usb_device.c"
 Parameters:    Size  Location     Type
		None
 Auto vars:     Size  Location     Type
  byteToRead      1   18[COMRAM] unsigned char 
  i               1   17[COMRAM] unsigned char 
 Return value:  Size  Location     Type
                  1    wreg      void 
 Registers used:
		wreg, fsr1l, fsr1h, fsr2l, fsr2h, status,2, status,0, pclath, tosl, prodl, prodh, cstack
 Tracked objects:
		On entry : 
		On exit  : 
		Unchanged: 
 Data sizes:     COMRAM   BANK0   BANK1   BANK2   BANK3   BANK4   BANK5   BANK6   BANK7
      Params:         0       0       0       0       0       0       0       0       0
      Locals:         2       0       0       0       0       0       0       0       0
      Temps:          0       0       0       0       0       0       0       0       0
      Totals:         2       0       0       0       0       0       0       0       0
Total ram usage:        2 bytes
 Hardware stack levels used:    1
 Hardware stack levels required when called:    2
 This function calls:
		_USART_mySetLineCodingHandler
		_USBCtrlEPAllowStatusStage
 This function is called by:
		_USBCtrlTrfOutHandler
 This function uses a non-reentrant model


 *************** function _USBCtrlEPAllowStatusStage *****************
 Defined at:
		line 1416 in file "../USBConverter/mla/v2017_03_06/framework/usb/src/usb_device.c"
 Parameters:    Size  Location     Type
		None
 Auto vars:     Size  Location     Type
		None
 Return value:  Size  Location     Type
                  1    wreg      void 
 Registers used:
		wreg, fsr2l, fsr2h, status,2, status,0
 Tracked objects:
		On entry : 
		On exit  : 
		Unchanged: 
 Data sizes:     COMRAM   BANK0   BANK1   BANK2   BANK3   BANK4   BANK5   BANK6   BANK7
      Params:         0       0       0       0       0       0       0       0       0
      Locals:         0       0       0       0       0       0       0       0       0
      Temps:          0       0       0       0       0       0       0       0       0
      Totals:         0       0       0       0       0       0       0       0       0
Total ram usage:        0 bytes
 Hardware stack levels used:    1
 This function calls:
		Nothing
 This function is called by:
		_USBDeviceTasks
		_USBCtrlEPServiceComplete
		_USBCtrlTrfRxService
 This function uses a non-reentrant model


 *************** function _USBCtrlTrfInHandler *****************
 Defined at:
		line 2592 in file "../USBConverter/mla/v2017_03_06/framework/usb/src/usb_device.c"
 Parameters:    Size  Location     Type
		None
 Auto vars:     Size  Location     Type
  lastDTS         1   17[COMRAM] unsigned char 
 Return value:  Size  Location     Type
                  1    wreg      void 
 Registers used:
		wreg, fsr0l, fsr0h, fsr2l, fsr2h, status,2, status,0, pclath, tosl, tblptrl, tblptrh, tblptru, cstack
 Tracked objects:
		On entry : 
		On exit  : 
		Unchanged: 
 Data sizes:     COMRAM   BANK0   BANK1   BANK2   BANK3   BANK4   BANK5   BANK6   BANK7
      Params:         0       0       0       0       0       0       0       0       0
      Locals:         1       0       0       0       0       0       0       0       0
      Temps:          0       0       0       0       0       0       0       0       0
      Totals:         1       0       0       0       0       0       0       0       0
Total ram usage:        1 bytes
 Hardware stack levels used:    1
 Hardware stack levels required when called:    2
 This function calls:
		_USART_mySetLineCodingHandler
		_USBCtrlTrfTxService
 This function is called by:
		_USBCtrlEPService
 This function uses a non-reentrant model


 *************** function _USBCtrlTrfTxService *****************
 Defined at:
		line 1771 in file "../USBConverter/mla/v2017_03_06/framework/usb/src/usb_device.c"
 Parameters:    Size  Location     Type
		None
 Auto vars:     Size  Location     Type
  byteToSend      1    0[COMRAM] unsigned char 
 Return value:  Size  Location     Type
                  1    wreg      void 
 Registers used:
		wreg, fsr0l, fsr0h, fsr2l, fsr2h, status,2, status,0, tblptrl, tblptrh, tblptru
 Tracked objects:
		On entry : 
		On exit  : 
		Unchanged: 
 Data sizes:     COMRAM   BANK0   BANK1   BANK2   BANK3   BANK4   BANK5   BANK6   BANK7
      Params:         0       0       0       0       0       0       0       0       0
      Locals:         1       0       0       0       0       0       0       0       0
      Temps:          0       0       0       0       0       0       0       0       0
      Totals:         1       0       0       0       0       0       0       0       0
Total ram usage:        1 bytes
 Hardware stack levels used:    1
 This function calls:
		Nothing
 This function is called by:
		_USBCtrlEPAllowDataStage
		_USBCtrlTrfInHandler
 This function uses a non-reentrant model


 *************** function _USART_mySetLineCodingHandler *****************
 Defined at:
		line 112 in file "../USBConverter/mla/v2017_03_06/framework/usb/src/usart.c"
 Parameters:    Size  Location     Type
		None
 Auto vars:     Size  Location     Type
  dwBaud          4   13[COMRAM] unsigned long 
 Return value:  Size  Location     Type
                  1    wreg      void 
 Registers used:
		wreg, status,2, status,0, cstack
 Tracked objects:
		On entry : 
		On exit  : 
		Unchanged: 
 Data sizes:     COMRAM   BANK0   BANK1   BANK2   BANK3   BANK4   BANK5   BANK6   BANK7
      Params:         0       0       0       0       0       0       0       0       0
      Locals:         4       0       0       0       0       0       0       0       0
      Temps:          0       0       0       0       0       0       0       0       0
      Totals:         4       0       0       0       0       0       0       0       0
Total ram usage:        4 bytes
 Hardware stack levels used:    1
 Hardware stack levels required when called:    1
 This function calls:
		_USART_Initialize
		___lldiv
 This function is called by:
		_USBCheckCDCRequest
		_USBCtrlTrfRxService
		_USBCtrlTrfInHandler
 This function uses a non-reentrant model


 *************** function ___lldiv *****************
 Defined at:
		line 8 in file "D:\Program Files (x86)\Microchip\xc8\v1.42\sources\common\lldiv.c"
 Parameters:    Size  Location     Type
  dividend        4    0[COMRAM] unsigned long 
  divisor         4    4[COMRAM] unsigned long 
 Auto vars:     Size  Location     Type
  quotient        4    8[COMRAM] unsigned long 
  counter         1   12[COMRAM] unsigned char 
 Return value:  Size  Location     Type
                  4    0[COMRAM] unsigned long 
 Registers used:
		wreg, status,2, status,0
 Tracked objects:
		On entry : 
		On exit  : 
		Unchanged: 
 Data sizes:     COMRAM   BANK0   BANK1   BANK2   BANK3   BANK4   BANK5   BANK6   BANK7
      Params:         8       0       0       0       0       0       0       0       0
      Locals:         5       0       0       0       0       0       0       0       0
      Temps:          0       0       0       0       0       0       0       0       0
      Totals:        13       0       0       0       0       0       0       0       0
Total ram usage:       13 bytes
 Hardware stack levels used:    1
 This function calls:
		Nothing
 This function is called by:
		_USART_mySetLineCodingHandler
 This function uses a non-reentrant model


 *************** function _USART_Initialize *****************
 Defined at:
		line 46 in file "../USBConverter/mla/v2017_03_06/framework/usb/src/usart.c"
 Parameters:    Size  Location     Type
		None
 Auto vars:     Size  Location     Type
  c               1    0[COMRAM] unsigned char 
 Return value:  Size  Location     Type
                  1    wreg      void 
 Registers used:
		None
 Tracked objects:
		On entry : 
		On exit  : 
		Unchanged: 
 Data sizes:     COMRAM   BANK0   BANK1   BANK2   BANK3   BANK4   BANK5   BANK6   BANK7
      Params:         0       0       0       0       0       0       0       0       0
      Locals:         1       0       0       0       0       0       0       0       0
      Temps:          0       0       0       0       0       0       0       0       0
      Totals:         1       0       0       0       0       0       0       0       0
Total ram usage:        1 bytes
 Hardware stack levels used:    1
 This function calls:
		Nothing
 This function is called by:
		_APP_DeviceCDCEmulatorInitialize
		_USART_mySetLineCodingHandler
 This function uses a non-reentrant model



MODULE INFORMATION

Module		Function		Class		Link	Load	Size
../USBConverter/mla/v2017_03_06/framework/usb/src/usb_device.c
		_USBCtrlTrfInHandler		CODE           	153A	0000	247
		_USBTransferOnePacket		CODE           	11D6	0000	309
		_USBDeviceAttach		CODE           	2508	0000	49
		_USBStdGetDscHandler		CODE           	0F62	0000	317
		_USBCtrlEPAllowDataStage		CODE           	1E40	0000	159
		_USBStdFeatureReqHandler		CODE           	08CC	0000	673
		_USBCtrlEPAllowStatusStage		CODE           	1B60	0000	197
		_USBCtrlTrfSetupHandler		CODE           	1D9A	0000	167
		_USBCtrlTrfOutHandler		CODE           	222C	0000	93
		_USBCtrlEPServiceComplete		CODE           	1630	0000	245
		_USBSuspend    		CODE           	2538	0000	49
		_USBStdSetCfgHandler		CODE           	1816	0000	227
		_USBStdGetStatusHandler		CODE           	1CE0	0000	187
		_USBWakeFromSuspend		CODE           	246C	0000	55
		_USBCtrlTrfRxService		CODE           	0E22	0000	321
		_USBCtrlTrfTxService		CODE           	18F8	0000	213
		_USBEnableEndpoint		CODE           	23FA	0000	61
		_USBConfigureEndpoint		CODE           	1F74	0000	149
		_USBDeviceInit 		CODE           	0B6C	0000	363
		_USBIncrement1msInternalTimers		CODE           	2594	0000	39
		_USBCtrlEPService		CODE           	1EDE	0000	151
		_USBStallHandler		CODE           	23B8	0000	67
		_USBDeviceTasks		CODE           	130A	0000	303
		_USBCheckStdRequest		CODE           	1724	0000	243

../USBConverter/mla/v2017_03_06/framework/usb/src/usb_device.c estimated size: 4884

D:\Program Files (x86)\Microchip\xc8\v1.42\sources\common\memset.c
		_memset        		CODE           	24A2	0000	53

D:\Program Files (x86)\Microchip\xc8\v1.42\sources\common\memset.c estimated size: 53

../USBConverter/LPC_FSUSB-CDC-X/main_cdc.c
		_CDC_Routine   		CODE           	261E	0000	19
		_USER_USB_CALLBACK_EVENT_HANDLER		CODE           	21D0	0000	93

../USBConverter/LPC_FSUSB-CDC-X/main_cdc.c estimated size: 112

../USBConverter/mla/v2017_03_06/framework/usb/src/usart.c
		_USART_getcUSART		CODE           	25DA	0000	25
		_USART_Initialize		CODE           	2608	0000	23
		_USART_putcUSART		CODE           	2630	0000	11
		_USART_mySetLineCodingHandler		CODE           	2288	0000	91

../USBConverter/mla/v2017_03_06/framework/usb/src/usart.c estimated size: 150

shared
		_configDescriptor1		SMALLCONST     	0809	0000	68
		_USB_CD_Ptr    		SMALLCONST     	0807	0000	3
		_sd001         		SMALLCONST     	0880	0000	53
		_sd002         		SMALLCONST     	084C	0000	53
		i2_USBDeviceInit		CODE           	0CD6	0000	333
		__initialization		CODE           	22E2	0000	61
		_device_dsc    		SMALLCONST     	08B4	0000	19
		_USB_SD_Ptr    		SMALLCONST     	0801	0000	7
		i2_memset      		CODE           	2568	0000	45
		_sd000         		SMALLCONST     	08C6	0000	5
		i2_USBTransferOnePacket		CODE           	1438	0000	259

shared estimated size: 906

D:\Program Files (x86)\Microchip\xc8\v1.42\sources\common\memcpy.c
		_memcpy        		CODE           	2374	0000	69

D:\Program Files (x86)\Microchip\xc8\v1.42\sources\common\memcpy.c estimated size: 69

D:\Program Files (x86)\Microchip\xc8\v1.42\sources\common\lldiv.c
		___lldiv       		CODE           	2008	0000	131

D:\Program Files (x86)\Microchip\xc8\v1.42\sources\common\lldiv.c estimated size: 131

../../../src/PIC18F2550/machineConfig.c
		_machineConfig 		CODE           	24D6	0000	51

../../../src/PIC18F2550/machineConfig.c estimated size: 51

../USBConverter/mla/v2017_03_06/framework/usb/src/usb_device_cdc.c
		_CDCTxService  		CODE           	109E	0000	313
		_CDCInitEP     		CODE           	2104	0000	107
		_putUSBUSART   		CODE           	25BA	0000	33
		_getsUSBUSART  		CODE           	1C24	0000	189
		_USBCheckCDCRequest		CODE           	19CC	0000	209

../USBConverter/mla/v2017_03_06/framework/usb/src/usb_device_cdc.c estimated size: 851

main.c
		_main          		CODE           	232C	0000	73
		_bootUserCode  		CODE           	263C	0000	3
		_bootComPort   		CODE           	25F2	0000	23

main.c estimated size: 99

../USBConverter/mla/v2017_03_06/framework/usb/src/app_device_cdc_to_uart.c
		_APP_DeviceCDCEmulatorInitialize		CODE           	216E	0000	99
		_APP_DeviceCDCEmulatorTasks		CODE           	1A9C	0000	197

../USBConverter/mla/v2017_03_06/framework/usb/src/app_device_cdc_to_uart.c estimated size: 296

../USBConverter/LPC_FSUSB-CDC-X/system.c
		_SYS_InterruptLow		CODE           	0018	0000	143
		_SYS_InterruptHigh		CODE           	0008	0000	129
		_SYSTEM_Initialize		CODE           	2436	0000	55

../USBConverter/LPC_FSUSB-CDC-X/system.c estimated size: 327

